Component: Arm Compiler for Embedded 6.24 Tool: armlink [5f371500]

==============================================================================

Section Cross References

    startup_stm32f103xb.o(STACK) refers (Special) to heapauxi.o(.text) for __use_two_region_memory
    startup_stm32f103xb.o(HEAP) refers (Special) to heapauxi.o(.text) for __use_two_region_memory
    startup_stm32f103xb.o(RESET) refers (Special) to heapauxi.o(.text) for __use_two_region_memory
    startup_stm32f103xb.o(RESET) refers to startup_stm32f103xb.o(STACK) for __initial_sp
    startup_stm32f103xb.o(RESET) refers to startup_stm32f103xb.o(.text) for Reset_Handler
    startup_stm32f103xb.o(RESET) refers to stm32f1xx_it.o(.text.NMI_Handler) for NMI_Handler
    startup_stm32f103xb.o(RESET) refers to stm32f1xx_it.o(.text.HardFault_Handler) for HardFault_Handler
    startup_stm32f103xb.o(RESET) refers to stm32f1xx_it.o(.text.MemManage_Handler) for MemManage_Handler
    startup_stm32f103xb.o(RESET) refers to stm32f1xx_it.o(.text.BusFault_Handler) for BusFault_Handler
    startup_stm32f103xb.o(RESET) refers to stm32f1xx_it.o(.text.UsageFault_Handler) for UsageFault_Handler
    startup_stm32f103xb.o(RESET) refers to stm32f1xx_it.o(.text.SVC_Handler) for SVC_Handler
    startup_stm32f103xb.o(RESET) refers to stm32f1xx_it.o(.text.DebugMon_Handler) for DebugMon_Handler
    startup_stm32f103xb.o(RESET) refers to stm32f1xx_it.o(.text.PendSV_Handler) for PendSV_Handler
    startup_stm32f103xb.o(RESET) refers to stm32f1xx_it.o(.text.SysTick_Handler) for SysTick_Handler
    startup_stm32f103xb.o(.text) refers (Special) to heapauxi.o(.text) for __use_two_region_memory
    startup_stm32f103xb.o(.text) refers to system_stm32f1xx.o(.text.SystemInit) for SystemInit
    startup_stm32f103xb.o(.text) refers to __main.o(!!!main) for __main
    startup_stm32f103xb.o(.text) refers to startup_stm32f103xb.o(HEAP) for Heap_Mem
    startup_stm32f103xb.o(.text) refers to startup_stm32f103xb.o(STACK) for Stack_Mem
    main.o(.text) refers (Special) to _printf_percent.o(.ARM.Collect$$_printf_percent$$00000000) for _printf_percent
    main.o(.text) refers (Special) to _printf_f.o(.ARM.Collect$$_printf_percent$$00000003) for _printf_f
    main.o(.text) refers (Special) to printf1.o(x$fpl$printf1) for _printf_fp_dec
    main.o(.text.Control_Outputs) refers (Special) to _printf_percent.o(.ARM.Collect$$_printf_percent$$00000000) for _printf_percent
    main.o(.text.Control_Outputs) refers (Special) to _printf_f.o(.ARM.Collect$$_printf_percent$$00000003) for _printf_f
    main.o(.text.Control_Outputs) refers (Special) to printf1.o(x$fpl$printf1) for _printf_fp_dec
    main.o(.text.Control_Outputs) refers to main.o(.data.measured_temp) for measured_temp
    main.o(.text.Control_Outputs) refers to main.o(.data.set_temp) for set_temp
    main.o(.text.Control_Outputs) refers to faddsub_clz.o(x$fpl$fadd) for __aeabi_fadd
    main.o(.text.Control_Outputs) refers to fcmp.o(x$fpl$fcmp) for __aeabi_fcmple
    main.o(.text.Control_Outputs) refers to stm32f1xx_hal_gpio.o(.text.HAL_GPIO_WritePin) for HAL_GPIO_WritePin
    main.o(.text.Control_Outputs) refers to main.o(.data.measured_hum) for measured_hum
    main.o(.text.Control_Outputs) refers to main.o(.data.set_hum) for set_hum
    main.o(.ARM.exidx.text.Control_Outputs) refers (Special) to _printf_percent.o(.ARM.Collect$$_printf_percent$$00000000) for _printf_percent
    main.o(.ARM.exidx.text.Control_Outputs) refers (Special) to _printf_f.o(.ARM.Collect$$_printf_percent$$00000003) for _printf_f
    main.o(.ARM.exidx.text.Control_Outputs) refers (Special) to printf1.o(x$fpl$printf1) for _printf_fp_dec
    main.o(.ARM.exidx.text.Control_Outputs) refers to main.o(.text.Control_Outputs) for [Anonymous Symbol]
    main.o(.text.Read_DHT11) refers (Special) to _printf_percent.o(.ARM.Collect$$_printf_percent$$00000000) for _printf_percent
    main.o(.text.Read_DHT11) refers (Special) to _printf_f.o(.ARM.Collect$$_printf_percent$$00000003) for _printf_f
    main.o(.text.Read_DHT11) refers (Special) to printf1.o(x$fpl$printf1) for _printf_fp_dec
    main.o(.text.Read_DHT11) refers to stm32f1xx_hal.o(.text.HAL_GetTick) for HAL_GetTick
    main.o(.text.Read_DHT11) refers to main.o(.bss.last_dht11_read) for last_dht11_read
    main.o(.text.Read_DHT11) refers to main.o(.bss.dht11_sensor) for dht11_sensor
    main.o(.text.Read_DHT11) refers to mk_dht11.o(.text.readDHT11) for readDHT11
    main.o(.text.Read_DHT11) refers to main.o(.bss.read_status) for read_status
    main.o(.text.Read_DHT11) refers to fflt_clz.o(x$fpl$ffltu) for __aeabi_ui2f
    main.o(.text.Read_DHT11) refers to main.o(.data.measured_temp) for measured_temp
    main.o(.text.Read_DHT11) refers to main.o(.data.measured_hum) for measured_hum
    main.o(.ARM.exidx.text.Read_DHT11) refers (Special) to _printf_percent.o(.ARM.Collect$$_printf_percent$$00000000) for _printf_percent
[...]
    Removing i2c_lcd.o(.ARM.exidx.text.lcd_send_cmd), (8 bytes).
    Removing i2c_lcd.o(.text.lcd_send_data), (66 bytes).
    Removing i2c_lcd.o(.ARM.exidx.text.lcd_send_data), (8 bytes).
    Removing i2c_lcd.o(.ARM.exidx.text.lcd_clear), (8 bytes).
    Removing i2c_lcd.o(.ARM.exidx.text.lcd_gotoxy), (8 bytes).
    Removing i2c_lcd.o(.ARM.exidx.text.lcd_init), (8 bytes).
    Removing i2c_lcd.o(.ARM.exidx.text.lcd_puts), (8 bytes).
    Removing i2c_lcd.o(.text.lcd_putchar), (66 bytes).
    Removing i2c_lcd.o(.ARM.exidx.text.lcd_putchar), (8 bytes).
    Removing mk_dht11.o(.text), (0 bytes).
    Removing mk_dht11.o(.ARM.exidx.text.init_dht11), (8 bytes).
    Removing mk_dht11.o(.text.set_dht11_gpio_mode), (46 bytes).
    Removing mk_dht11.o(.ARM.exidx.text.set_dht11_gpio_mode), (8 bytes).
    Removing mk_dht11.o(.ARM.exidx.text.readDHT11), (8 bytes).
    Removing ds1302.o(.text), (0 bytes).
    Removing ds1302.o(.text.DS1302_Init), (216 bytes).
    Removing ds1302.o(.ARM.exidx.text.DS1302_Init), (8 bytes).
    Removing ds1302.o(.text.DS1302_Write), (50 bytes).
    Removing ds1302.o(.ARM.exidx.text.DS1302_Write), (8 bytes).
    Removing ds1302.o(.text.DS1302_Read), (344 bytes).
    Removing ds1302.o(.ARM.exidx.text.DS1302_Read), (8 bytes).
    Removing ds1302.o(.text.DS1302_setTime), (368 bytes).
    Removing ds1302.o(.ARM.exidx.text.DS1302_setTime), (8 bytes).
    Removing ds1302.o(.text.DS1302_updateDateTime), (304 bytes).
    Removing ds1302.o(.ARM.exidx.text.DS1302_updateDateTime), (8 bytes).
    Removing ds1302.o(.text.DS1302_getSecondsUnits), (8 bytes).
    Removing ds1302.o(.ARM.exidx.text.DS1302_getSecondsUnits), (8 bytes).
    Removing ds1302.o(.text.DS1302_getSecondsDec), (8 bytes).
    Removing ds1302.o(.ARM.exidx.text.DS1302_getSecondsDec), (8 bytes).
    Removing ds1302.o(.text.DS1302_getMinutesUnits), (8 bytes).
    Removing ds1302.o(.ARM.exidx.text.DS1302_getMinutesUnits), (8 bytes).
    Removing ds1302.o(.text.DS1302_getMinutesDec), (8 bytes).
    Removing ds1302.o(.ARM.exidx.text.DS1302_getMinutesDec), (8 bytes).
    Removing ds1302.o(.text.DS1302_getHourUnits), (8 bytes).
    Removing ds1302.o(.ARM.exidx.text.DS1302_getHourUnits), (8 bytes).
    Removing ds1302.o(.text.DS1302_getHourDec), (20 bytes).
    Removing ds1302.o(.ARM.exidx.text.DS1302_getHourDec), (8 bytes).
    Removing ds1302.o(.text.DS1302_getAmPmStatus), (4 bytes).
    Removing ds1302.o(.ARM.exidx.text.DS1302_getAmPmStatus), (8 bytes).
    Removing ds1302.o(.text.DS1302_getMonthDay), (6 bytes).
    Removing ds1302.o(.ARM.exidx.text.DS1302_getMonthDay), (8 bytes).
    Removing ds1302.o(.text.DS1302_getMonth), (4 bytes).
    Removing ds1302.o(.ARM.exidx.text.DS1302_getMonth), (8 bytes).
    Removing ds1302.o(.text.DS1302_getYear), (4 bytes).
    Removing ds1302.o(.ARM.exidx.text.DS1302_getYear), (8 bytes).
    Removing ds1302.o(.text.DS1302_geWeekDay), (4 bytes).
    Removing ds1302.o(.ARM.exidx.text.DS1302_geWeekDay), (8 bytes).
    Removing ds1302.o(.rodata.str1.1), (86 bytes).

875 unused section(s) (total 55040 bytes) removed from the image.

==============================================================================

Image Symbol Table

    Local Symbols

    Symbol Name                              Value     Ov Type        Size  Object(Section)

    ../clib/angel/boardlib.s                 0x00000000   Number         0  boardinit1.o ABSOLUTE
    ../clib/angel/boardlib.s                 0x00000000   Number         0  boardinit2.o ABSOLUTE
    ../clib/angel/boardlib.s                 0x00000000   Number         0  boardinit3.o ABSOLUTE
    ../clib/angel/boardlib.s                 0x00000000   Number         0  boardshut.o ABSOLUTE
    ../clib/angel/handlers.s                 0x00000000   Number         0  __scatter_copy.o ABSOLUTE
    ../clib/angel/handlers.s                 0x00000000   Number         0  __scatter_zi.o ABSOLUTE
    ../clib/angel/kernel.s                   0x00000000   Number         0  __rtentry.o ABSOLUTE
    ../clib/angel/kernel.s                   0x00000000   Number         0  __rtentry2.o ABSOLUTE
    ../clib/angel/kernel.s                   0x00000000   Number         0  __rtentry4.o ABSOLUTE
    ../clib/angel/kernel.s                   0x00000000   Number         0  rtexit.o ABSOLUTE
    ../clib/angel/kernel.s                   0x00000000   Number         0  rtexit2.o ABSOLUTE
    ../clib/angel/rt.s                       0x00000000   Number         0  aeabi_ldiv0.o ABSOLUTE
    ../clib/angel/rt.s                       0x00000000   Number         0  aeabi_ldiv0_sigfpe.o ABSOLUTE
    ../clib/angel/rt.s                       0x00000000   Number         0  rt_div0.o ABSOLUTE
    ../clib/angel/rt.s                       0x00000000   Number         0  rt_locale.o ABSOLUTE
    ../clib/angel/rt.s                       0x00000000   Number         0  rt_locale_intlibspace.o ABSOLUTE
    ../clib/angel/rt.s                       0x00000000   Number         0  rt_raise.o ABSOLUTE
    ../clib/angel/scatter.s                  0x00000000   Number         0  __scatter.o ABSOLUTE
    ../clib/angel/startup.s                  0x00000000   Number         0  __main.o ABSOLUTE
    ../clib/angel/sys.s                      0x00000000   Number         0  libspace.o ABSOLUTE
    ../clib/angel/sys.s                      0x00000000   Number         0  sys_stackheap_outer.o ABSOLUTE
    ../clib/angel/sys.s                      0x00000000   Number         0  use_no_semi.o ABSOLUTE
    ../clib/angel/sys.s                      0x00000000   Number         0  indicate_semi.o ABSOLUTE
    ../clib/angel/sysapp.c                   0x00000000   Number         0  sys_exit.o ABSOLUTE
    ../clib/angel/sysapp.c                   0x00000000   Number         0  sys_exit_hlt.o ABSOLUTE
    ../clib/angel/sysapp.c                   0x00000000   Number         0  sys_wrch.o ABSOLUTE
    ../clib/angel/sysapp.c                   0x00000000   Number         0  sys_command.o ABSOLUTE
    ../clib/angel/sysapp.c                   0x00000000   Number         0  sys_wrch_hlt.o ABSOLUTE
    ../clib/angel/sysapp.c                   0x00000000   Number         0  sys_command_hlt.o ABSOLUTE
    ../clib/armsys.c                         0x00000000   Number         0  argv_veneer.o ABSOLUTE
    ../clib/armsys.c                         0x00000000   Number         0  argv_veneer.o ABSOLUTE
    ../clib/armsys.c                         0x00000000   Number         0  _get_argv_nomalloc.o ABSOLUTE
    ../clib/armsys.c                         0x00000000   Number         0  no_argv.o ABSOLUTE
    ../clib/bigflt.c                         0x00000000   Number         0  bigflt0.o ABSOLUTE
    ../clib/btod.s                           0x00000000   Number         0  btod.o ABSOLUTE
    ../clib/btod_accurate.c                  0x00000000   Number         0  btod_accurate.o ABSOLUTE
    ../clib/btod_accurate.c                  0x00000000   Number         0  btod_accurate_common.o ABSOLUTE
    ../clib/heapalloc.c                      0x00000000   Number         0  hrguard.o ABSOLUTE
    ../clib/heapaux.c                        0x00000000   Number         0  heapauxi.o ABSOLUTE
    ../clib/libinit.s                        0x00000000   Number         0  libinit.o ABSOLUTE
    ../clib/libinit.s                        0x00000000   Number         0  libinit2.o ABSOLUTE
    ../clib/libinit.s                        0x00000000   Number         0  libshutdown.o ABSOLUTE
    ../clib/libinit.s                        0x00000000   Number         0  libshutdown2.o ABSOLUTE
    ../clib/locale.s                         0x00000000   Number         0  lc_numeric_c.o ABSOLUTE
    ../clib/longlong.s                       0x00000000   Number         0  lludivv7m.o ABSOLUTE
    ../clib/longlong.s                       0x00000000   Number         0  lludiv10.o ABSOLUTE
    ../clib/longlong.s                       0x00000000   Number         0  llushr.o ABSOLUTE
    ../clib/memcpset.s                       0x00000000   Number         0  rt_memclr_w.o ABSOLUTE
    ../clib/memcpset.s                       0x00000000   Number         0  strcmpv7m.o ABSOLUTE
    ../clib/misc.s                           0x00000000   Number         0  printf_stubs.o ABSOLUTE
    ../clib/printf.c                         0x00000000   Number         0  __2sprintf.o ABSOLUTE
    ../clib/printf.c                         0x00000000   Number         0  noretval__2sprintf.o ABSOLUTE
    ../clib/printf.c                         0x00000000   Number         0  __printf.o ABSOLUTE
    ../clib/printf.c                         0x00000000   Number         0  __printf_flags.o ABSOLUTE
    ../clib/printf.c                         0x00000000   Number         0  __printf_ss.o ABSOLUTE
    ../clib/printf.c                         0x00000000   Number         0  __printf_flags_ss.o ABSOLUTE
    ../clib/printf.c                         0x00000000   Number         0  __printf_wp.o ABSOLUTE
    ../clib/printf.c                         0x00000000   Number         0  __printf_flags_wp.o ABSOLUTE
    ../clib/printf.c                         0x00000000   Number         0  __printf_ss_wp.o ABSOLUTE
    ../clib/printf.c                         0x00000000   Number         0  __printf_flags_ss_wp.o ABSOLUTE
    ../clib/printf.c                         0x00000000   Number         0  _printf_fp_dec.o ABSOLUTE
    ../clib/printf.c                         0x00000000   Number         0  _printf_fp_dec_accurate.o ABSOLUTE
    ../clib/printf.c                         0x00000000   Number         0  _printf_char_common.o ABSOLUTE
    ../clib/printf.c                         0x00000000   Number         0  _sputc.o ABSOLUTE
    ../clib/printf.c                         0x00000000   Number         0  _printf_fp_infnan.o ABSOLUTE
    ../clib/printf.c                         0x00000000   Number         0  __printf_nopercent.o ABSOLUTE
    ../clib/printf_percent.s                 0x00000000   Number         0  _printf_f.o ABSOLUTE
    ../clib/printf_percent.s                 0x00000000   Number         0  _printf_percent.o ABSOLUTE
    ../clib/printf_percent.s                 0x00000000   Number         0  _printf_percent_end.o ABSOLUTE
    ../clib/signal.c                         0x00000000   Number         0  defsig_fpe_outer.o ABSOLUTE
    ../clib/signal.c                         0x00000000   Number         0  defsig_fpe_formal.o ABSOLUTE
    ../clib/signal.c                         0x00000000   Number         0  defsig_exit.o ABSOLUTE
    ../clib/signal.c                         0x00000000   Number         0  defsig_fpe_inner.o ABSOLUTE
    ../clib/signal.c                         0x00000000   Number         0  __raise.o ABSOLUTE
    ../clib/signal.c                         0x00000000   Number         0  defsig_general.o ABSOLUTE
    ../clib/signal.c                         0x00000000   Number         0  defsig_rtmem_outer.o ABSOLUTE
    ../clib/signal.c                         0x00000000   Number         0  defsig_rtmem_formal.o ABSOLUTE
    ../clib/signal.c                         0x00000000   Number         0  defsig_abrt_inner.o ABSOLUTE
    ../clib/signal.c                         0x00000000   Number         0  defsig_rtred_inner.o ABSOLUTE
    ../clib/signal.c                         0x00000000   Number         0  defsig_rtmem_inner.o ABSOLUTE
    ../clib/signal.c                         0x00000000   Number         0  defsig_stak_inner.o ABSOLUTE
    ../clib/signal.c                         0x00000000   Number         0  defsig_pvfn_inner.o ABSOLUTE
    ../clib/signal.c                         0x00000000   Number         0  defsig_cppl_inner.o ABSOLUTE
    ../clib/signal.c                         0x00000000   Number         0  defsig_segv_inner.o ABSOLUTE
    ../clib/signal.c                         0x00000000   Number         0  defsig_other.o ABSOLUTE
    ../clib/signal.s                         0x00000000   Number         0  defsig.o ABSOLUTE
    ../clib/stdlib.c                         0x00000000   Number         0  exit.o ABSOLUTE
    ../fplib/dretinf.s                       0x00000000   Number         0  dretinf.o ABSOLUTE
    ../fplib/f2d.s                           0x00000000   Number         0  f2d.o ABSOLUTE
    ../fplib/faddsub.s                       0x00000000   Number         0  faddsub_clz.o ABSOLUTE
    ../fplib/fcmp.s                          0x00000000   Number         0  fcmp.o ABSOLUTE
    ../fplib/fcmpi.s                         0x00000000   Number         0  fcmpi.o ABSOLUTE
    ../fplib/feqf.s                          0x00000000   Number         0  feqf.o ABSOLUTE
    ../fplib/fflt.s                          0x00000000   Number         0  fflt_clz.o ABSOLUTE
    ../fplib/fgeqf.s                         0x00000000   Number         0  fgeqf.o ABSOLUTE
    ../fplib/fleqf.s                         0x00000000   Number         0  fleqf.o ABSOLUTE
    ../fplib/fnaninf.s                       0x00000000   Number         0  fnaninf.o ABSOLUTE
    ../fplib/fpinit.s                        0x00000000   Number         0  fpinit.o ABSOLUTE
    ../fplib/fpinit_empty.s                  0x00000000   Number         0  fpinit_empty.o ABSOLUTE
    ../fplib/fretinf.s                       0x00000000   Number         0  fretinf.o ABSOLUTE
    ../fplib/istatus.s                       0x00000000   Number         0  istatus.o ABSOLUTE
    ../fplib/printf1.s                       0x00000000   Number         0  printf1.o ABSOLUTE
    ../fplib/usenofp.s                       0x00000000   Number         0  usenofp.o ABSOLUTE
    ../mathlib/fpclassify.c                  0x00000000   Number         0  fpclassify.o ABSOLUTE
    dc.s                                     0x00000000   Number         0  dc.o ABSOLUTE
    ds1302.c                                 0x00000000   Number         0  ds1302.o ABSOLUTE
    i2c_lcd.c                                0x00000000   Number         0  i2c_lcd.o ABSOLUTE
    main.c                                   0x00000000   Number         0  main.o ABSOLUTE
    mk_dht11.c                               0x00000000   Number         0  mk_dht11.o ABSOLUTE
    startup_stm32f103xb.s                    0x00000000   Number         0  startup_stm32f103xb.o ABSOLUTE
    stm32f1xx_hal.c                          0x00000000   Number         0  stm32f1xx_hal.o ABSOLUTE
    stm32f1xx_hal_cortex.c                   0x00000000   Number         0  stm32f1xx_hal_cortex.o ABSOLUTE
    stm32f1xx_hal_dma.c                      0x00000000   Number         0  stm32f1xx_hal_dma.o ABSOLUTE
    stm32f1xx_hal_exti.c                     0x00000000   Number         0  stm32f1xx_hal_exti.o ABSOLUTE
    stm32f1xx_hal_flash.c                    0x00000000   Number         0  stm32f1xx_hal_flash.o ABSOLUTE
    stm32f1xx_hal_flash_ex.c                 0x00000000   Number         0  stm32f1xx_hal_flash_ex.o ABSOLUTE
    stm32f1xx_hal_gpio.c                     0x00000000   Number         0  stm32f1xx_hal_gpio.o ABSOLUTE
    stm32f1xx_hal_gpio_ex.c                  0x00000000   Number         0  stm32f1xx_hal_gpio_ex.o ABSOLUTE
    stm32f1xx_hal_i2c.c                      0x00000000   Number         0  stm32f1xx_hal_i2c.o ABSOLUTE
    stm32f1xx_hal_msp.c                      0x00000000   Number         0  stm32f1xx_hal_msp.o ABSOLUTE
    stm32f1xx_hal_pwr.c                      0x00000000   Number         0  stm32f1xx_hal_pwr.o ABSOLUTE
    stm32f1xx_hal_rcc.c                      0x00000000   Number         0  stm32f1xx_hal_rcc.o ABSOLUTE
    stm32f1xx_hal_rcc_ex.c                   0x00000000   Number         0  stm32f1xx_hal_rcc_ex.o ABSOLUTE
    stm32f1xx_hal_spi.c                      0x00000000   Number         0  stm32f1xx_hal_spi.o ABSOLUTE
    stm32f1xx_hal_tim.c                      0x00000000   Number         0  stm32f1xx_hal_tim.o ABSOLUTE
    stm32f1xx_hal_tim_ex.c                   0x00000000   Number         0  stm32f1xx_hal_tim_ex.o ABSOLUTE
    stm32f1xx_it.c                           0x00000000   Number         0  stm32f1xx_it.o ABSOLUTE
    system_stm32f1xx.c                       0x00000000   Number         0  system_stm32f1xx.o ABSOLUTE
    RESET                                    0x08000000   Section      236  startup_stm32f103xb.o(RESET)
    !!!main                                  0x080000ec   Section        8  __main.o(!!!main)
    !!!scatter                               0x080000f4   Section       92  __scatter.o(!!!scatter)
    !!handler_copy                           0x08000150   Section       26  __scatter_copy.o(!!handler_copy)
    !!handler_null                           0x0800016c   Section        2  __scatter.o(!!handler_null)
    !!handler_zi                             0x08000170   Section       28  __scatter_zi.o(!!handler_zi)
    .ARM.Collect$$_printf_percent$$00000000  0x0800018c   Section        0  _printf_percent.o(.ARM.Collect$$_printf_percent$$00000000)
    .ARM.Collect$$_printf_percent$$00000003  0x0800018c   Section        6  _printf_f.o(.ARM.Collect$$_printf_percent$$00000003)
    .ARM.Collect$$_printf_percent$$00000017  0x08000192   Section        4  _printf_percent_end.o(.ARM.Collect$$_printf_percent$$00000017)
    .ARM.Collect$$libinit$$00000000          0x08000196   Section        2  libinit.o(.ARM.Collect$$libinit$$00000000)
    .ARM.Collect$$libinit$$00000002          0x08000198   Section        0  libinit2.o(.ARM.Collect$$libinit$$00000002)
    .ARM.Collect$$libinit$$00000004          0x08000198   Section        0  libinit2.o(.ARM.Collect$$libinit$$00000004)
    .ARM.Collect$$libinit$$00000006          0x08000198   Section        0  libinit2.o(.ARM.Collect$$libinit$$00000006)
    .ARM.Collect$$libinit$$0000000C          0x08000198   Section        0  libinit2.o(.ARM.Collect$$libinit$$0000000C)
    .ARM.Collect$$libinit$$0000000E          0x08000198   Section        0  libinit2.o(.ARM.Collect$$libinit$$0000000E)
    .ARM.Collect$$libinit$$00000010          0x08000198   Section        0  libinit2.o(.ARM.Collect$$libinit$$00000010)
    .ARM.Collect$$libinit$$00000011          0x08000198   Section        6  libinit2.o(.ARM.Collect$$libinit$$00000011)
    .ARM.Collect$$libinit$$00000013          0x0800019e   Section        0  libinit2.o(.ARM.Collect$$libinit$$00000013)
    .ARM.Collect$$libinit$$00000015          0x0800019e   Section        0  libinit2.o(.ARM.Collect$$libinit$$00000015)
    .ARM.Collect$$libinit$$00000017          0x0800019e   Section        0  libinit2.o(.ARM.Collect$$libinit$$00000017)
    .ARM.Collect$$libinit$$00000018          0x0800019e   Section       10  libinit2.o(.ARM.Collect$$libinit$$00000018)
    .ARM.Collect$$libinit$$00000019          0x080001a8   Section        0  libinit2.o(.ARM.Collect$$libinit$$00000019)
    .ARM.Collect$$libinit$$0000001B          0x080001a8   Section        0  libinit2.o(.ARM.Collect$$libinit$$0000001B)
    .ARM.Collect$$libinit$$0000001D          0x080001a8   Section        0  libinit2.o(.ARM.Collect$$libinit$$0000001D)
    .ARM.Collect$$libinit$$0000001F          0x080001a8   Section        0  libinit2.o(.ARM.Collect$$libinit$$0000001F)
    .ARM.Collect$$libinit$$00000021          0x080001a8   Section        0  libinit2.o(.ARM.Collect$$libinit$$00000021)
    .ARM.Collect$$libinit$$00000023          0x080001a8   Section        0  libinit2.o(.ARM.Collect$$libinit$$00000023)
    .ARM.Collect$$libinit$$00000025          0x080001a8   Section        0  libinit2.o(.ARM.Collect$$libinit$$00000025)
    .ARM.Collect$$libinit$$00000027          0x080001a8   Section        0  libinit2.o(.ARM.Collect$$libinit$$00000027)
    .ARM.Collect$$libinit$$0000002E          0x080001a8   Section        0  libinit2.o(.ARM.Collect$$libinit$$0000002E)
    .ARM.Collect$$libinit$$00000030          0x080001a8   Section        0  libinit2.o(.ARM.Collect$$libinit$$00000030)
    .ARM.Collect$$libinit$$00000032          0x080001a8   Section        0  libinit2.o(.ARM.Collect$$libinit$$00000032)
    .ARM.Collect$$libinit$$00000034          0x080001a8   Section        0  libinit2.o(.ARM.Collect$$libinit$$00000034)
    .ARM.Collect$$libinit$$00000035          0x080001a8   Section        2  libinit2.o(.ARM.Collect$$libinit$$00000035)
    .ARM.Collect$$libshutdown$$00000000      0x080001aa   Section        2  libshutdown.o(.ARM.Collect$$libshutdown$$00000000)
    .ARM.Collect$$libshutdown$$00000002      0x080001ac   Section        0  libshutdown2.o(.ARM.Collect$$libshutdown$$00000002)
    .ARM.Collect$$libshutdown$$00000004      0x080001ac   Section        0  libshutdown2.o(.ARM.Collect$$libshutdown$$00000004)
    .ARM.Collect$$libshutdown$$00000007      0x080001ac   Section        0  libshutdown2.o(.ARM.Collect$$libshutdown$$00000007)
    .ARM.Collect$$libshutdown$$0000000A      0x080001ac   Section        0  libshutdown2.o(.ARM.Collect$$libshutdown$$0000000A)
    .ARM.Collect$$libshutdown$$0000000C      0x080001ac   Section        0  libshutdown2.o(.ARM.Collect$$libshutdown$$0000000C)
    .ARM.Collect$$libshutdown$$0000000F      0x080001ac   Section        0  libshutdown2.o(.ARM.Collect$$libshutdown$$0000000F)
    .ARM.Collect$$libshutdown$$00000010      0x080001ac   Section        2  libshutdown2.o(.ARM.Collect$$libshutdown$$00000010)
    .ARM.Collect$$rtentry$$00000000          0x080001ae   Section        0  __rtentry.o(.ARM.Collect$$rtentry$$00000000)
    .ARM.Collect$$rtentry$$00000002          0x080001ae   Section        0  __rtentry2.o(.ARM.Collect$$rtentry$$00000002)
    .ARM.Collect$$rtentry$$00000004          0x080001ae   Section        6  __rtentry4.o(.ARM.Collect$$rtentry$$00000004)
    .ARM.Collect$$rtentry$$00000009          0x080001b4   Section        0  __rtentry2.o(.ARM.Collect$$rtentry$$00000009)
    .ARM.Collect$$rtentry$$0000000A          0x080001b4   Section        4  __rtentry2.o(.ARM.Collect$$rtentry$$0000000A)
    .ARM.Collect$$rtentry$$0000000C          0x080001b8   Section        0  __rtentry2.o(.ARM.Collect$$rtentry$$0000000C)
    .ARM.Collect$$rtentry$$0000000D          0x080001b8   Section        8  __rtentry2.o(.ARM.Collect$$rtentry$$0000000D)
    .ARM.Collect$$rtexit$$00000000           0x080001c0   Section        2  rtexit.o(.ARM.Collect$$rtexit$$00000000)
    .ARM.Collect$$rtexit$$00000002           0x080001c2   Section        0  rtexit2.o(.ARM.Collect$$rtexit$$00000002)
    .ARM.Collect$$rtexit$$00000003           0x080001c2   Section        4  rtexit2.o(.ARM.Collect$$rtexit$$00000003)
    .ARM.Collect$$rtexit$$00000004           0x080001c6   Section        6  rtexit2.o(.ARM.Collect$$rtexit$$00000004)
    .text                                    0x080001cc   Section       64  startup_stm32f103xb.o(.text)
    .text                                    0x0800020c   Section        0  noretval__2sprintf.o(.text)
    .text                                    0x08000234   Section        0  __printf_wp.o(.text)
    .text                                    0x08000342   Section       78  rt_memclr_w.o(.text)
    .text                                    0x08000390   Section        0  heapauxi.o(.text)
    _fp_digits                               0x08000397   Thumb Code   432  _printf_fp_dec.o(.text)
    .text                                    0x08000396   Section        0  _printf_fp_dec.o(.text)
    _printf_input_char                       0x080007b5   Thumb Code    10  _printf_char_common.o(.text)
    .text                                    0x080007b4   Section        0  _printf_char_common.o(.text)
    .text                                    0x080007e4   Section        0  _sputc.o(.text)
    .text                                    0x080007f0   Section        8  rt_locale_intlibspace.o(.text)
    .text                                    0x080007f8   Section      138  lludiv10.o(.text)
    .text                                    0x08000884   Section        0  _printf_fp_infnan.o(.text)
    .text                                    0x08000904   Section        0  bigflt0.o(.text)
    .text                                    0x080009e8   Section        8  libspace.o(.text)
    .text                                    0x080009f0   Section       74  sys_stackheap_outer.o(.text)
    .text                                    0x08000a3a   Section        0  exit.o(.text)
    .text                                    0x08000a4c   Section      128  strcmpv7m.o(.text)
    .text                                    0x08000acc   Section        0  sys_exit.o(.text)
    .text                                    0x08000ad8   Section        2  use_no_semi.o(.text)
    .text                                    0x08000ada   Section        0  indicate_semi.o(.text)
    [Anonymous Symbol]                       0x08000adc   Section        0  stm32f1xx_it.o(.text.BusFault_Handler)
    [Anonymous Symbol]                       0x08000ae0   Section        0  main.o(.text.Control_Outputs)
    [Anonymous Symbol]                       0x08000b88   Section        0  stm32f1xx_it.o(.text.DebugMon_Handler)
    [Anonymous Symbol]                       0x08000b8c   Section        0  stm32f1xx_hal.o(.text.HAL_Delay)
    [Anonymous Symbol]                       0x08000bb4   Section        0  stm32f1xx_hal_gpio.o(.text.HAL_GPIO_Init)
    [Anonymous Symbol]                       0x08000db8   Section        0  stm32f1xx_hal_gpio.o(.text.HAL_GPIO_ReadPin)
    [Anonymous Symbol]                       0x08000dc4   Section        0  stm32f1xx_hal_gpio.o(.text.HAL_GPIO_WritePin)
    [Anonymous Symbol]                       0x08000dd0   Section        0  stm32f1xx_hal.o(.text.HAL_GetTick)
    [Anonymous Symbol]                       0x08000ddc   Section        0  stm32f1xx_hal_i2c.o(.text.HAL_I2C_Init)
    [Anonymous Symbol]                       0x08000f4c   Section        0  stm32f1xx_hal_i2c.o(.text.HAL_I2C_Master_Transmit)
    [Anonymous Symbol]                       0x0800129c   Section        0  stm32f1xx_hal_msp.o(.text.HAL_I2C_MspInit)
    [Anonymous Symbol]                       0x08001304   Section        0  stm32f1xx_hal.o(.text.HAL_IncTick)
    [Anonymous Symbol]                       0x08001320   Section        0  stm32f1xx_hal.o(.text.HAL_Init)
    [Anonymous Symbol]                       0x08001348   Section        0  stm32f1xx_hal.o(.text.HAL_InitTick)
    [Anonymous Symbol]                       0x08001398   Section        0  stm32f1xx_hal_msp.o(.text.HAL_MspInit)
    [Anonymous Symbol]                       0x080013dc   Section        0  stm32f1xx_hal_cortex.o(.text.HAL_NVIC_SetPriority)
    [Anonymous Symbol]                       0x08001434   Section        0  stm32f1xx_hal_cortex.o(.text.HAL_NVIC_SetPriorityGrouping)
    [Anonymous Symbol]                       0x08001454   Section        0  stm32f1xx_hal_rcc.o(.text.HAL_RCC_ClockConfig)
    [Anonymous Symbol]                       0x08001608   Section        0  stm32f1xx_hal_rcc.o(.text.HAL_RCC_GetPCLK1Freq)
    [Anonymous Symbol]                       0x08001630   Section        0  stm32f1xx_hal_rcc.o(.text.HAL_RCC_OscConfig)
    [Anonymous Symbol]                       0x08001968   Section        0  stm32f1xx_hal_spi.o(.text.HAL_SPI_Init)
    [Anonymous Symbol]                       0x08001a10   Section        0  stm32f1xx_hal_msp.o(.text.HAL_SPI_MspInit)
    [Anonymous Symbol]                       0x08001a7c   Section        0  stm32f1xx_hal_cortex.o(.text.HAL_SYSTICK_Config)
    [Anonymous Symbol]                       0x08001aa8   Section        0  stm32f1xx_hal_tim_ex.o(.text.HAL_TIMEx_MasterConfigSynchronization)
    [Anonymous Symbol]                       0x08001b24   Section        0  stm32f1xx_hal_tim.o(.text.HAL_TIM_Base_Init)
    [Anonymous Symbol]                       0x08001c0c   Section        0  stm32f1xx_hal_msp.o(.text.HAL_TIM_Base_MspInit)
    [Anonymous Symbol]                       0x08001c38   Section        0  stm32f1xx_hal_tim.o(.text.HAL_TIM_Base_Start)
    [Anonymous Symbol]                       0x08001c98   Section        0  stm32f1xx_hal_tim.o(.text.HAL_TIM_Base_Stop)
    [Anonymous Symbol]                       0x08001cc4   Section        0  stm32f1xx_hal_tim.o(.text.HAL_TIM_ConfigClockSource)
    [Anonymous Symbol]                       0x08001e64   Section        0  main.o(.text.Handle_Buttons)
    [Anonymous Symbol]                       0x08002038   Section        0  main.o(.text.Handle_Motor)
    [Anonymous Symbol]                       0x08002148   Section        0  stm32f1xx_it.o(.text.HardFault_Handler)
    [Anonymous Symbol]                       0x0800214c   Section        0  stm32f1xx_it.o(.text.MemManage_Handler)
    [Anonymous Symbol]                       0x08002150   Section        0  stm32f1xx_it.o(.text.NMI_Handler)
    [Anonymous Symbol]                       0x08002154   Section        0  stm32f1xx_it.o(.text.PendSV_Handler)
    [Anonymous Symbol]                       0x08002158   Section        0  stm32f1xx_it.o(.text.SVC_Handler)
    [Anonymous Symbol]                       0x0800215c   Section        0  stm32f1xx_it.o(.text.SysTick_Handler)
    [Anonymous Symbol]                       0x08002160   Section        0  system_stm32f1xx.o(.text.SystemInit)
    [Anonymous Symbol]                       0x08002164   Section        0  main.o(.text.Update_LCD_Display)
    [Anonymous Symbol]                       0x08002368   Section        0  stm32f1xx_it.o(.text.UsageFault_Handler)
    [Anonymous Symbol]                       0x0800236c   Section        0  mk_dht11.o(.text.init_dht11)
    [Anonymous Symbol]                       0x08002374   Section        0  i2c_lcd.o(.text.lcd_clear)
    [Anonymous Symbol]                       0x080023c4   Section        0  i2c_lcd.o(.text.lcd_gotoxy)
    [Anonymous Symbol]                       0x0800242c   Section        0  i2c_lcd.o(.text.lcd_init)
    [Anonymous Symbol]                       0x08002538   Section        0  i2c_lcd.o(.text.lcd_puts)
    [Anonymous Symbol]                       0x08002590   Section        0  main.o(.text.main)
    [Anonymous Symbol]                       0x08002888   Section        0  mk_dht11.o(.text.readDHT11)
    CL$$btod_d2e                             0x080029fe   Section       62  btod.o(CL$$btod_d2e)
    CL$$btod_d2e_denorm_low                  0x08002a3c   Section       70  btod.o(CL$$btod_d2e_denorm_low)
    CL$$btod_d2e_norm_op1                    0x08002a82   Section       96  btod.o(CL$$btod_d2e_norm_op1)
    CL$$btod_div_common                      0x08002ae4   Section      824  btod.o(CL$$btod_div_common)
    CL$$btod_e2e                             0x08002e1c   Section      220  btod.o(CL$$btod_e2e)
    CL$$btod_ediv                            0x08002ef8   Section       42  btod.o(CL$$btod_ediv)
    CL$$btod_emul                            0x08002f22   Section       42  btod.o(CL$$btod_emul)
    CL$$btod_mult_common                     0x08002f4c   Section      580  btod.o(CL$$btod_mult_common)
    i.__ARM_fpclassify                       0x08003190   Section        0  fpclassify.o(i.__ARM_fpclassify)
    i._is_digit                              0x080031b8   Section        0  __printf_wp.o(i._is_digit)
    locale$$code                             0x080031c8   Section       44  lc_numeric_c.o(locale$$code)
    x$fpl$dretinf                            0x080031f4   Section       12  dretinf.o(x$fpl$dretinf)
    x$fpl$f2d                                0x08003200   Section       86  f2d.o(x$fpl$f2d)
    x$fpl$fadd                               0x08003258   Section      196  faddsub_clz.o(x$fpl$fadd)
    _fadd1                                   0x08003267   Thumb Code     0  faddsub_clz.o(x$fpl$fadd)
    x$fpl$fcmp                               0x0800331c   Section       84  fcmp.o(x$fpl$fcmp)
    x$fpl$fcmpinf                            0x08003370   Section       24  fcmpi.o(x$fpl$fcmpinf)
    x$fpl$feqf                               0x08003388   Section      104  feqf.o(x$fpl$feqf)
    x$fpl$ffltu                              0x080033f0   Section       38  fflt_clz.o(x$fpl$ffltu)
    x$fpl$fgeqf                              0x08003418   Section      104  fgeqf.o(x$fpl$fgeqf)
    x$fpl$fleqf                              0x08003480   Section      104  fleqf.o(x$fpl$fleqf)
    x$fpl$fnaninf                            0x080034e8   Section      140  fnaninf.o(x$fpl$fnaninf)
    x$fpl$fretinf                            0x08003574   Section       10  fretinf.o(x$fpl$fretinf)
    x$fpl$fsub                               0x08003580   Section      234  faddsub_clz.o(x$fpl$fsub)
    _fsub1                                   0x0800358f   Thumb Code     0  faddsub_clz.o(x$fpl$fsub)
    x$fpl$printf1                            0x0800366a   Section        4  printf1.o(x$fpl$printf1)
    x$fpl$usenofp                            0x0800366e   Section        0  usenofp.o(x$fpl$usenofp)
    tenpwrs_x                                0x08003670   Data          60  bigflt0.o(.constdata)
    .constdata                               0x08003670   Section      148  bigflt0.o(.constdata)
    tenpwrs_i                                0x080036ac   Data          64  bigflt0.o(.constdata)
    HAL_RCC_GetSysClockFreq.aPredivFactorTable 0x0800371c   Data           2  stm32f1xx_hal_rcc.o(.rodata.HAL_RCC_GetSysClockFreq.aPredivFactorTable)
    [Anonymous Symbol]                       0x0800371c   Section        0  stm32f1xx_hal_rcc.o(.rodata.HAL_RCC_GetSysClockFreq.aPredivFactorTable)
    HAL_RCC_GetSysClockFreq.aPLLMULFactorTable 0x0800371e   Data          16  stm32f1xx_hal_rcc.o(.rodata.cst16)
    [Anonymous Symbol]                       0x0800371e   Section        0  stm32f1xx_hal_rcc.o(.rodata.cst16)
    locale$$data                             0x08003750   Section       28  lc_numeric_c.o(locale$$data)
    __lcnum_c_name                           0x08003754   Data           2  lc_numeric_c.o(locale$$data)
    __lcnum_c_start                          0x0800375c   Data           0  lc_numeric_c.o(locale$$data)
    __lcnum_c_point                          0x08003768   Data           0  lc_numeric_c.o(locale$$data)
    __lcnum_c_thousands                      0x0800376a   Data           0  lc_numeric_c.o(locale$$data)
    __lcnum_c_grouping                       0x0800376b   Data           0  lc_numeric_c.o(locale$$data)
    __lcnum_c_end                            0x0800376c   Data           0  lc_numeric_c.o(locale$$data)
    .bss                                     0x20000020   Section       96  libspace.o(.bss)
    Heap_Mem                                 0x200001c8   Data         512  startup_stm32f103xb.o(HEAP)
    HEAP                                     0x200001c8   Section      512  startup_stm32f103xb.o(HEAP)
    Stack_Mem                                0x200003c8   Data        1024  startup_stm32f103xb.o(STACK)
    STACK                                    0x200003c8   Section     1024  startup_stm32f103xb.o(STACK)
    __initial_sp                             0x200007c8   Data           0  startup_stm32f103xb.o(STACK)

    Global Symbols

    Symbol Name                              Value     Ov Type        Size  Object(Section)

    BuildAttributes$$THM_ISAv4$P$D$K$B$S$PE$A:L22UL41UL21$X:L11$S22US41US21$IEEE1$IW$~IW$USESV6$~STKCKD$USESV7$~SHL$OTIME$ROPI$IEEEJ$EBA8$UX$STANDARDLIB$REQ8$PRES8$EABIv2 0x00000000   Number         0  anon$$obj.o ABSOLUTE
    __fp_init_empty                          0x00000000   Number         0  fpinit_empty.o ABSOLUTE
    _printf_flags                            0x00000000   Number         0  printf_stubs.o ABSOLUTE
    _printf_return_value                     0x00000000   Number         0  printf_stubs.o ABSOLUTE
    _printf_sizespec                         0x00000000   Number         0  printf_stubs.o ABSOLUTE
    _printf_widthprec                        0x00000000   Number         0  printf_stubs.o ABSOLUTE
    __ARM_exceptions_init                     - Undefined Weak Reference
    __alloca_initialize                       - Undefined Weak Reference
    __arm_preinit_                            - Undefined Weak Reference
    __arm_relocate_pie_                       - Undefined Weak Reference
    __cpp_initialize__aeabi_                  - Undefined Weak Reference
    __cxa_finalize                            - Undefined Weak Reference
    __sigvec_lookup                           - Undefined Weak Reference
    _atexit_init                              - Undefined Weak Reference
    _call_atexit_fns                          - Undefined Weak Reference
    _clock_init                               - Undefined Weak Reference
    _fp_trap_init                             - Undefined Weak Reference
    _fp_trap_shutdown                         - Undefined Weak Reference
    _get_lc_collate                           - Undefined Weak Reference
    _get_lc_ctype                             - Undefined Weak Reference
    _get_lc_monetary                          - Undefined Weak Reference
    _get_lc_time                              - Undefined Weak Reference
    _getenv_init                              - Undefined Weak Reference
    _handle_redirection                       - Undefined Weak Reference
    _init_alloc                               - Undefined Weak Reference
    _init_user_alloc                          - Undefined Weak Reference
    _initio                                   - Undefined Weak Reference
    _printf_post_padding                      - Undefined Weak Reference
    _printf_pre_padding                       - Undefined Weak Reference
    _rand_init                                - Undefined Weak Reference
    _signal_finish                            - Undefined Weak Reference
    _signal_init                              - Undefined Weak Reference
    _terminate_alloc                          - Undefined Weak Reference
    _terminate_user_alloc                     - Undefined Weak Reference
    _terminateio                              - Undefined Weak Reference
    __Vectors_Size                           0x000000ec   Number         0  startup_stm32f103xb.o ABSOLUTE
    __Vectors                                0x08000000   Data           4  startup_stm32f103xb.o(RESET)
    __Vectors_End                            0x080000ec   Data           0  startup_stm32f103xb.o(RESET)
    __main                                   0x080000ed   Thumb Code     8  __main.o(!!!main)
    __scatterload                            0x080000f5   Thumb Code     0  __scatter.o(!!!scatter)
    __scatterload_rt2                        0x080000f5   Thumb Code    84  __scatter.o(!!!scatter)
    __scatterload_rt2_thumb_only             0x080000f5   Thumb Code     0  __scatter.o(!!!scatter)
    __scatterload_loop                       0x080000ff   Thumb Code     0  __scatter.o(!!!scatter)
    __scatterload_copy                       0x08000151   Thumb Code    26  __scatter_copy.o(!!handler_copy)
    __scatterload_null                       0x0800016d   Thumb Code     2  __scatter.o(!!handler_null)
    __scatterload_zeroinit                   0x08000171   Thumb Code    28  __scatter_zi.o(!!handler_zi)
    _printf_f                                0x0800018d   Thumb Code     0  _printf_f.o(.ARM.Collect$$_printf_percent$$00000003)
    _printf_percent                          0x0800018d   Thumb Code     0  _printf_percent.o(.ARM.Collect$$_printf_percent$$00000000)
    _printf_percent_end                      0x08000193   Thumb Code     0  _printf_percent_end.o(.ARM.Collect$$_printf_percent$$00000017)
    __rt_lib_init                            0x08000197   Thumb Code     0  libinit.o(.ARM.Collect$$libinit$$00000000)
    __rt_lib_init_fp_1                       0x08000199   Thumb Code     0  libinit2.o(.ARM.Collect$$libinit$$00000002)
    __rt_lib_init_heap_1                     0x08000199   Thumb Code     0  libinit2.o(.ARM.Collect$$libinit$$0000000C)
    __rt_lib_init_lc_common                  0x08000199   Thumb Code     0  libinit2.o(.ARM.Collect$$libinit$$00000011)
    __rt_lib_init_preinit_1                  0x08000199   Thumb Code     0  libinit2.o(.ARM.Collect$$libinit$$00000006)
    __rt_lib_init_rand_1                     0x08000199   Thumb Code     0  libinit2.o(.ARM.Collect$$libinit$$00000010)
    __rt_lib_init_relocate_pie_1             0x08000199   Thumb Code     0  libinit2.o(.ARM.Collect$$libinit$$00000004)
    __rt_lib_init_user_alloc_1               0x08000199   Thumb Code     0  libinit2.o(.ARM.Collect$$libinit$$0000000E)
    __rt_lib_init_lc_collate_1               0x0800019f   Thumb Code     0  libinit2.o(.ARM.Collect$$libinit$$00000013)
    __rt_lib_init_lc_ctype_1                 0x0800019f   Thumb Code     0  libinit2.o(.ARM.Collect$$libinit$$00000015)
    __rt_lib_init_lc_monetary_1              0x0800019f   Thumb Code     0  libinit2.o(.ARM.Collect$$libinit$$00000017)
    __rt_lib_init_lc_numeric_2               0x0800019f   Thumb Code     0  libinit2.o(.ARM.Collect$$libinit$$00000018)
    __rt_lib_init_alloca_1                   0x080001a9   Thumb Code     0  libinit2.o(.ARM.Collect$$libinit$$00000030)
    __rt_lib_init_argv_1                     0x080001a9   Thumb Code     0  libinit2.o(.ARM.Collect$$libinit$$0000002E)
    __rt_lib_init_atexit_1                   0x080001a9   Thumb Code     0  libinit2.o(.ARM.Collect$$libinit$$0000001D)
    __rt_lib_init_clock_1                    0x080001a9   Thumb Code     0  libinit2.o(.ARM.Collect$$libinit$$00000023)
    __rt_lib_init_cpp_1                      0x080001a9   Thumb Code     0  libinit2.o(.ARM.Collect$$libinit$$00000034)
    __rt_lib_init_exceptions_1               0x080001a9   Thumb Code     0  libinit2.o(.ARM.Collect$$libinit$$00000032)
    __rt_lib_init_fp_trap_1                  0x080001a9   Thumb Code     0  libinit2.o(.ARM.Collect$$libinit$$00000021)
    __rt_lib_init_getenv_1                   0x080001a9   Thumb Code     0  libinit2.o(.ARM.Collect$$libinit$$00000025)
    __rt_lib_init_lc_numeric_1               0x080001a9   Thumb Code     0  libinit2.o(.ARM.Collect$$libinit$$00000019)
    __rt_lib_init_lc_time_1                  0x080001a9   Thumb Code     0  libinit2.o(.ARM.Collect$$libinit$$0000001B)
    __rt_lib_init_return                     0x080001a9   Thumb Code     0  libinit2.o(.ARM.Collect$$libinit$$00000035)
    __rt_lib_init_signal_1                   0x080001a9   Thumb Code     0  libinit2.o(.ARM.Collect$$libinit$$0000001F)
    __rt_lib_init_stdio_1                    0x080001a9   Thumb Code     0  libinit2.o(.ARM.Collect$$libinit$$00000027)
    __rt_lib_shutdown                        0x080001ab   Thumb Code     0  libshutdown.o(.ARM.Collect$$libshutdown$$00000000)
    __rt_lib_shutdown_cpp_1                  0x080001ad   Thumb Code     0  libshutdown2.o(.ARM.Collect$$libshutdown$$00000002)
    __rt_lib_shutdown_fp_trap_1              0x080001ad   Thumb Code     0  libshutdown2.o(.ARM.Collect$$libshutdown$$00000007)
    __rt_lib_shutdown_heap_1                 0x080001ad   Thumb Code     0  libshutdown2.o(.ARM.Collect$$libshutdown$$0000000F)
    __rt_lib_shutdown_return                 0x080001ad   Thumb Code     0  libshutdown2.o(.ARM.Collect$$libshutdown$$00000010)
    __rt_lib_shutdown_signal_1               0x080001ad   Thumb Code     0  libshutdown2.o(.ARM.Collect$$libshutdown$$0000000A)
    __rt_lib_shutdown_stdio_1                0x080001ad   Thumb Code     0  libshutdown2.o(.ARM.Collect$$libshutdown$$00000004)
    __rt_lib_shutdown_user_alloc_1           0x080001ad   Thumb Code     0  libshutdown2.o(.ARM.Collect$$libshutdown$$0000000C)
    __rt_entry                               0x080001af   Thumb Code     0  __rtentry.o(.ARM.Collect$$rtentry$$00000000)
    __rt_entry_presh_1                       0x080001af   Thumb Code     0  __rtentry2.o(.ARM.Collect$$rtentry$$00000002)
    __rt_entry_sh                            0x080001af   Thumb Code     0  __rtentry4.o(.ARM.Collect$$rtentry$$00000004)
    __rt_entry_li                            0x080001b5   Thumb Code     0  __rtentry2.o(.ARM.Collect$$rtentry$$0000000A)
    __rt_entry_postsh_1                      0x080001b5   Thumb Code     0  __rtentry2.o(.ARM.Collect$$rtentry$$00000009)
    __rt_entry_main                          0x080001b9   Thumb Code     0  __rtentry2.o(.ARM.Collect$$rtentry$$0000000D)
    __rt_entry_postli_1                      0x080001b9   Thumb Code     0  __rtentry2.o(.ARM.Collect$$rtentry$$0000000C)
    __rt_exit                                0x080001c1   Thumb Code     0  rtexit.o(.ARM.Collect$$rtexit$$00000000)
    __rt_exit_ls                             0x080001c3   Thumb Code     0  rtexit2.o(.ARM.Collect$$rtexit$$00000003)
    __rt_exit_prels_1                        0x080001c3   Thumb Code     0  rtexit2.o(.ARM.Collect$$rtexit$$00000002)
    __rt_exit_exit                           0x080001c7   Thumb Code     0  rtexit2.o(.ARM.Collect$$rtexit$$00000004)
    Reset_Handler                            0x080001cd   Thumb Code     8  startup_stm32f103xb.o(.text)
    ADC1_2_IRQHandler                        0x080001e7   Thumb Code     0  startup_stm32f103xb.o(.text)
    CAN1_RX1_IRQHandler                      0x080001e7   Thumb Code     0  startup_stm32f103xb.o(.text)
    CAN1_SCE_IRQHandler                      0x080001e7   Thumb Code     0  startup_stm32f103xb.o(.text)
    DMA1_Channel1_IRQHandler                 0x080001e7   Thumb Code     0  startup_stm32f103xb.o(.text)
    DMA1_Channel2_IRQHandler                 0x080001e7   Thumb Code     0  startup_stm32f103xb.o(.text)
    DMA1_Channel3_IRQHandler                 0x080001e7   Thumb Code     0  startup_stm32f103xb.o(.text)
    DMA1_Channel4_IRQHandler                 0x080001e7   Thumb Code     0  startup_stm32f103xb.o(.text)
    DMA1_Channel5_IRQHandler                 0x080001e7   Thumb Code     0  startup_stm32f103xb.o(.text)
    DMA1_Channel6_IRQHandler                 0x080001e7   Thumb Code     0  startup_stm32f103xb.o(.text)
    DMA1_Channel7_IRQHandler                 0x080001e7   Thumb Code     0  startup_stm32f103xb.o(.text)
    EXTI0_IRQHandler                         0x080001e7   Thumb Code     0  startup_stm32f103xb.o(.text)
    EXTI15_10_IRQHandler                     0x080001e7   Thumb Code     0  startup_stm32f103xb.o(.text)
    EXTI1_IRQHandler                         0x080001e7   Thumb Code     0  startup_stm32f103xb.o(.text)
    EXTI2_IRQHandler                         0x080001e7   Thumb Code     0  startup_stm32f103xb.o(.text)
    EXTI3_IRQHandler                         0x080001e7   Thumb Code     0  startup_stm32f103xb.o(.text)
    EXTI4_IRQHandler                         0x080001e7   Thumb Code     0  startup_stm32f103xb.o(.text)
    EXTI9_5_IRQHandler                       0x080001e7   Thumb Code     0  startup_stm32f103xb.o(.text)
    FLASH_IRQHandler                         0x080001e7   Thumb Code     0  startup_stm32f103xb.o(.text)
    I2C1_ER_IRQHandler                       0x080001e7   Thumb Code     0  startup_stm32f103xb.o(.text)
    I2C1_EV_IRQHandler                       0x080001e7   Thumb Code     0  startup_stm32f103xb.o(.text)
    I2C2_ER_IRQHandler                       0x080001e7   Thumb Code     0  startup_stm32f103xb.o(.text)
    I2C2_EV_IRQHandler                       0x080001e7   Thumb Code     0  startup_stm32f103xb.o(.text)
    PVD_IRQHandler                           0x080001e7   Thumb Code     0  startup_stm32f103xb.o(.text)
    RCC_IRQHandler                           0x080001e7   Thumb Code     0  startup_stm32f103xb.o(.text)
    RTC_Alarm_IRQHandler                     0x080001e7   Thumb Code     0  startup_stm32f103xb.o(.text)
    RTC_IRQHandler                           0x080001e7   Thumb Code     0  startup_stm32f103xb.o(.text)
    SPI1_IRQHandler                          0x080001e7   Thumb Code     0  startup_stm32f103xb.o(.text)
    SPI2_IRQHandler                          0x080001e7   Thumb Code     0  startup_stm32f103xb.o(.text)
    TAMPER_IRQHandler                        0x080001e7   Thumb Code     0  startup_stm32f103xb.o(.text)
    TIM1_BRK_IRQHandler                      0x080001e7   Thumb Code     0  startup_stm32f103xb.o(.text)
    TIM1_CC_IRQHandler                       0x080001e7   Thumb Code     0  startup_stm32f103xb.o(.text)
    TIM1_TRG_COM_IRQHandler                  0x080001e7   Thumb Code     0  startup_stm32f103xb.o(.text)
    TIM1_UP_IRQHandler                       0x080001e7   Thumb Code     0  startup_stm32f103xb.o(.text)
    TIM2_IRQHandler                          0x080001e7   Thumb Code     0  startup_stm32f103xb.o(.text)
    TIM3_IRQHandler                          0x080001e7   Thumb Code     0  startup_stm32f103xb.o(.text)
    TIM4_IRQHandler                          0x080001e7   Thumb Code     0  startup_stm32f103xb.o(.text)
    USART1_IRQHandler                        0x080001e7   Thumb Code     0  startup_stm32f103xb.o(.text)
    USART2_IRQHandler                        0x080001e7   Thumb Code     0  startup_stm32f103xb.o(.text)
    USART3_IRQHandler                        0x080001e7   Thumb Code     0  startup_stm32f103xb.o(.text)
    USBWakeUp_IRQHandler                     0x080001e7   Thumb Code     0  startup_stm32f103xb.o(.text)
    USB_HP_CAN1_TX_IRQHandler                0x080001e7   Thumb Code     0  startup_stm32f103xb.o(.text)
    USB_LP_CAN1_RX0_IRQHandler               0x080001e7   Thumb Code     0  startup_stm32f103xb.o(.text)
    WWDG_IRQHandler                          0x080001e7   Thumb Code     0  startup_stm32f103xb.o(.text)
    __user_initial_stackheap                 0x080001e9   Thumb Code     0  startup_stm32f103xb.o(.text)
    __2sprintf                               0x0800020d   Thumb Code    34  noretval__2sprintf.o(.text)
    __printf                                 0x08000235   Thumb Code   270  __printf_wp.o(.text)
    __aeabi_memclr4                          0x08000343   Thumb Code     0  rt_memclr_w.o(.text)
    __aeabi_memclr8                          0x08000343   Thumb Code     0  rt_memclr_w.o(.text)
    __rt_memclr_w                            0x08000343   Thumb Code     0  rt_memclr_w.o(.text)
    _memset_w                                0x08000347   Thumb Code    74  rt_memclr_w.o(.text)
    __use_two_region_memory                  0x08000391   Thumb Code     2  heapauxi.o(.text)
    __rt_heap_escrow$2region                 0x08000393   Thumb Code     2  heapauxi.o(.text)
    __rt_heap_expand$2region                 0x08000395   Thumb Code     2  heapauxi.o(.text)
    _printf_fp_dec_real                      0x08000547   Thumb Code   620  _printf_fp_dec.o(.text)
    _printf_char_common                      0x080007bf   Thumb Code    32  _printf_char_common.o(.text)
    _sputc                                   0x080007e5   Thumb Code    10  _sputc.o(.text)
    __rt_locale                              0x080007f1   Thumb Code     8  rt_locale_intlibspace.o(.text)
    _ll_udiv10                               0x080007f9   Thumb Code   138  lludiv10.o(.text)
    _printf_fp_infnan                        0x08000885   Thumb Code   112  _printf_fp_infnan.o(.text)
    _btod_etento                             0x08000905   Thumb Code   224  bigflt0.o(.text)
    __user_libspace                          0x080009e9   Thumb Code     8  libspace.o(.text)
    __user_perproc_libspace                  0x080009e9   Thumb Code     0  libspace.o(.text)
    __user_perthread_libspace                0x080009e9   Thumb Code     0  libspace.o(.text)
    __user_setup_stackheap                   0x080009f1   Thumb Code    74  sys_stackheap_outer.o(.text)
    exit                                     0x08000a3b   Thumb Code    18  exit.o(.text)
    strcmp                                   0x08000a4d   Thumb Code   128  strcmpv7m.o(.text)
    _sys_exit                                0x08000acd   Thumb Code     8  sys_exit.o(.text)
    __I$use$semihosting                      0x08000ad9   Thumb Code     0  use_no_semi.o(.text)
    __use_no_semihosting_swi                 0x08000ad9   Thumb Code     2  use_no_semi.o(.text)
    __semihosting_library_function           0x08000adb   Thumb Code     0  indicate_semi.o(.text)
    BusFault_Handler                         0x08000add   Thumb Code     2  stm32f1xx_it.o(.text.BusFault_Handler)
    Control_Outputs                          0x08000ae1   Thumb Code   166  main.o(.text.Control_Outputs)
    DebugMon_Handler                         0x08000b89   Thumb Code     2  stm32f1xx_it.o(.text.DebugMon_Handler)
    HAL_Delay                                0x08000b8d   Thumb Code    40  stm32f1xx_hal.o(.text.HAL_Delay)
    HAL_GPIO_Init                            0x08000bb5   Thumb Code   514  stm32f1xx_hal_gpio.o(.text.HAL_GPIO_Init)
    HAL_GPIO_ReadPin                         0x08000db9   Thumb Code    10  stm32f1xx_hal_gpio.o(.text.HAL_GPIO_ReadPin)
    HAL_GPIO_WritePin                        0x08000dc5   Thumb Code    10  stm32f1xx_hal_gpio.o(.text.HAL_GPIO_WritePin)
    HAL_GetTick                              0x08000dd1   Thumb Code    12  stm32f1xx_hal.o(.text.HAL_GetTick)
    HAL_I2C_Init                             0x08000ddd   Thumb Code   368  stm32f1xx_hal_i2c.o(.text.HAL_I2C_Init)
    HAL_I2C_Master_Transmit                  0x08000f4d   Thumb Code   848  stm32f1xx_hal_i2c.o(.text.HAL_I2C_Master_Transmit)
    HAL_I2C_MspInit                          0x0800129d   Thumb Code   104  stm32f1xx_hal_msp.o(.text.HAL_I2C_MspInit)
    HAL_IncTick                              0x08001305   Thumb Code    26  stm32f1xx_hal.o(.text.HAL_IncTick)
    HAL_Init                                 0x08001321   Thumb Code    38  stm32f1xx_hal.o(.text.HAL_Init)
    HAL_InitTick                             0x08001349   Thumb Code    80  stm32f1xx_hal.o(.text.HAL_InitTick)
    HAL_MspInit                              0x08001399   Thumb Code    66  stm32f1xx_hal_msp.o(.text.HAL_MspInit)
    HAL_NVIC_SetPriority                     0x080013dd   Thumb Code    86  stm32f1xx_hal_cortex.o(.text.HAL_NVIC_SetPriority)
    HAL_NVIC_SetPriorityGrouping             0x08001435   Thumb Code    32  stm32f1xx_hal_cortex.o(.text.HAL_NVIC_SetPriorityGrouping)
    HAL_RCC_ClockConfig                      0x08001455   Thumb Code   434  stm32f1xx_hal_rcc.o(.text.HAL_RCC_ClockConfig)
    HAL_RCC_GetPCLK1Freq                     0x08001609   Thumb Code    38  stm32f1xx_hal_rcc.o(.text.HAL_RCC_GetPCLK1Freq)
    HAL_RCC_OscConfig                        0x08001631   Thumb Code   824  stm32f1xx_hal_rcc.o(.text.HAL_RCC_OscConfig)
    HAL_SPI_Init                             0x08001969   Thumb Code   168  stm32f1xx_hal_spi.o(.text.HAL_SPI_Init)
    HAL_SPI_MspInit                          0x08001a11   Thumb Code   106  stm32f1xx_hal_msp.o(.text.HAL_SPI_MspInit)
    HAL_SYSTICK_Config                       0x08001a7d   Thumb Code    44  stm32f1xx_hal_cortex.o(.text.HAL_SYSTICK_Config)
    HAL_TIMEx_MasterConfigSynchronization    0x08001aa9   Thumb Code   122  stm32f1xx_hal_tim_ex.o(.text.HAL_TIMEx_MasterConfigSynchronization)
    HAL_TIM_Base_Init                        0x08001b25   Thumb Code   230  stm32f1xx_hal_tim.o(.text.HAL_TIM_Base_Init)
    HAL_TIM_Base_MspInit                     0x08001c0d   Thumb Code    42  stm32f1xx_hal_msp.o(.text.HAL_TIM_Base_MspInit)
    HAL_TIM_Base_Start                       0x08001c39   Thumb Code    94  stm32f1xx_hal_tim.o(.text.HAL_TIM_Base_Start)
    HAL_TIM_Base_Stop                        0x08001c99   Thumb Code    42  stm32f1xx_hal_tim.o(.text.HAL_TIM_Base_Stop)
    HAL_TIM_ConfigClockSource                0x08001cc5   Thumb Code   416  stm32f1xx_hal_tim.o(.text.HAL_TIM_ConfigClockSource)
    Handle_Buttons                           0x08001e65   Thumb Code   466  main.o(.text.Handle_Buttons)
    Handle_Motor                             0x08002039   Thumb Code   270  main.o(.text.Handle_Motor)
    HardFault_Handler                        0x08002149   Thumb Code     2  stm32f1xx_it.o(.text.HardFault_Handler)
    MemManage_Handler                        0x0800214d   Thumb Code     2  stm32f1xx_it.o(.text.MemManage_Handler)
    NMI_Handler                              0x08002151   Thumb Code     2  stm32f1xx_it.o(.text.NMI_Handler)
    PendSV_Handler                           0x08002155   Thumb Code     2  stm32f1xx_it.o(.text.PendSV_Handler)
    SVC_Handler                              0x08002159   Thumb Code     2  stm32f1xx_it.o(.text.SVC_Handler)
    SysTick_Handler                          0x0800215d   Thumb Code     4  stm32f1xx_it.o(.text.SysTick_Handler)
    SystemInit                               0x08002161   Thumb Code     2  system_stm32f1xx.o(.text.SystemInit)
    Update_LCD_Display                       0x08002165   Thumb Code   372  main.o(.text.Update_LCD_Display)
    UsageFault_Handler                       0x08002369   Thumb Code     2  stm32f1xx_it.o(.text.UsageFault_Handler)
    init_dht11                               0x0800236d   Thumb Code     8  mk_dht11.o(.text.init_dht11)
    lcd_clear                                0x08002375   Thumb Code    80  i2c_lcd.o(.text.lcd_clear)
    lcd_gotoxy                               0x080023c5   Thumb Code   102  i2c_lcd.o(.text.lcd_gotoxy)
    lcd_init                                 0x0800242d   Thumb Code   266  i2c_lcd.o(.text.lcd_init)
    lcd_puts                                 0x08002539   Thumb Code    86  i2c_lcd.o(.text.lcd_puts)
    main                                     0x08002591   Thumb Code   744  main.o(.text.main)
    readDHT11                                0x08002889   Thumb Code   374  mk_dht11.o(.text.readDHT11)
    _btod_d2e                                0x080029ff   Thumb Code    62  btod.o(CL$$btod_d2e)
    _d2e_denorm_low                          0x08002a3d   Thumb Code    70  btod.o(CL$$btod_d2e_denorm_low)
    _d2e_norm_op1                            0x08002a83   Thumb Code    96  btod.o(CL$$btod_d2e_norm_op1)
    __btod_div_common                        0x08002ae5   Thumb Code   696  btod.o(CL$$btod_div_common)
    _e2e                                     0x08002e1d   Thumb Code   220  btod.o(CL$$btod_e2e)
    _btod_ediv                               0x08002ef9   Thumb Code    42  btod.o(CL$$btod_ediv)
    _btod_emul                               0x08002f23   Thumb Code    42  btod.o(CL$$btod_emul)
    __btod_mult_common                       0x08002f4d   Thumb Code   580  btod.o(CL$$btod_mult_common)
    __ARM_fpclassify                         0x08003191   Thumb Code    40  fpclassify.o(i.__ARM_fpclassify)
    _is_digit                                0x080031b9   Thumb Code    14  __printf_wp.o(i._is_digit)
    _get_lc_numeric                          0x080031c9   Thumb Code    44  lc_numeric_c.o(locale$$code)
    __fpl_dretinf                            0x080031f5   Thumb Code    12  dretinf.o(x$fpl$dretinf)
    __aeabi_f2d                              0x08003201   Thumb Code     0  f2d.o(x$fpl$f2d)
    _f2d                                     0x08003201   Thumb Code    86  f2d.o(x$fpl$f2d)
    __aeabi_fadd                             0x08003259   Thumb Code     0  faddsub_clz.o(x$fpl$fadd)
    _fadd                                    0x08003259   Thumb Code   196  faddsub_clz.o(x$fpl$fadd)
    __aeabi_fcmpeq                           0x0800331d   Thumb Code     0  fcmp.o(x$fpl$fcmp)
    _feq                                     0x0800331d   Thumb Code    14  fcmp.o(x$fpl$fcmp)
    _fneq                                    0x0800332b   Thumb Code    14  fcmp.o(x$fpl$fcmp)
    __aeabi_fcmpgt                           0x08003339   Thumb Code     0  fcmp.o(x$fpl$fcmp)
    _fgr                                     0x08003339   Thumb Code    14  fcmp.o(x$fpl$fcmp)
    __aeabi_fcmpge                           0x08003347   Thumb Code     0  fcmp.o(x$fpl$fcmp)
    _fgeq                                    0x08003347   Thumb Code    14  fcmp.o(x$fpl$fcmp)
    __aeabi_fcmple                           0x08003355   Thumb Code     0  fcmp.o(x$fpl$fcmp)
    _fleq                                    0x08003355   Thumb Code    14  fcmp.o(x$fpl$fcmp)
    __aeabi_fcmplt                           0x08003363   Thumb Code     0  fcmp.o(x$fpl$fcmp)
    _fls                                     0x08003363   Thumb Code    14  fcmp.o(x$fpl$fcmp)
    __fpl_fcmp_Inf                           0x08003371   Thumb Code    24  fcmpi.o(x$fpl$fcmpinf)
    __aeabi_cfcmpeq                          0x08003389   Thumb Code     0  feqf.o(x$fpl$feqf)
    _fcmpeq                                  0x08003389   Thumb Code   104  feqf.o(x$fpl$feqf)
    __aeabi_ui2f                             0x080033f1   Thumb Code     0  fflt_clz.o(x$fpl$ffltu)
    _ffltu                                   0x080033f1   Thumb Code    38  fflt_clz.o(x$fpl$ffltu)
    _fcmpge                                  0x08003419   Thumb Code   104  fgeqf.o(x$fpl$fgeqf)
    __aeabi_cfcmple                          0x08003481   Thumb Code     0  fleqf.o(x$fpl$fleqf)
    _fcmple                                  0x08003481   Thumb Code   104  fleqf.o(x$fpl$fleqf)
    __fpl_fcmple_InfNaN                      0x080034d3   Thumb Code     0  fleqf.o(x$fpl$fleqf)
    __fpl_fnaninf                            0x080034e9   Thumb Code   140  fnaninf.o(x$fpl$fnaninf)
    __fpl_fretinf                            0x08003575   Thumb Code    10  fretinf.o(x$fpl$fretinf)
    __aeabi_fsub                             0x08003581   Thumb Code     0  faddsub_clz.o(x$fpl$fsub)
    _fsub                                    0x08003581   Thumb Code   234  faddsub_clz.o(x$fpl$fsub)
    _printf_fp_dec                           0x0800366b   Thumb Code     4  printf1.o(x$fpl$printf1)
    __I$use$fp                               0x0800366e   Number         0  usenofp.o(x$fpl$usenofp)
    AHBPrescTable                            0x08003704   Data          16  system_stm32f1xx.o(.rodata.AHBPrescTable)
    APBPrescTable                            0x08003714   Data           8  system_stm32f1xx.o(.rodata.APBPrescTable)
    Region$$Table$$Base                      0x08003730   Number         0  anon$$obj.o(Region$$Table)
    Region$$Table$$Limit                     0x08003750   Number         0  anon$$obj.o(Region$$Table)
    SystemCoreClock                          0x20000000   Data           4  system_stm32f1xx.o(.data.SystemCoreClock)
    measured_hum                             0x20000004   Data           4  main.o(.data.measured_hum)
    measured_temp                            0x20000008   Data           4  main.o(.data.measured_temp)
    set_hum                                  0x2000000c   Data           4  main.o(.data.set_hum)
    set_temp                                 0x20000010   Data           4  main.o(.data.set_temp)
    uwTickFreq                               0x20000014   Data           1  stm32f1xx_hal.o(.data.uwTickFreq)
    uwTickPrio                               0x20000018   Data           4  stm32f1xx_hal.o(.data.uwTickPrio)
    __libspace_start                         0x20000020   Data          96  libspace.o(.bss)
    __temporary_stack_top$libspace           0x20000080   Data           0  libspace.o(.bss)
    buffer                                   0x20000080   Data          17  main.o(.bss.buffer)
    current_screen                           0x20000094   Data           4  main.o(.bss.current_screen)
    dht11_sensor                             0x20000098   Data          16  main.o(.bss.dht11_sensor)
    hi2c1                                    0x200000a8   Data          84  main.o(.bss.hi2c1)
    hspi1                                    0x200000fc   Data          88  main.o(.bss.hspi1)
    htim2                                    0x20000154   Data          72  main.o(.bss.htim2)
    last_button_time                         0x2000019c   Data           4  main.o(.bss.last_button_time)
    last_dht11_read                          0x200001a0   Data           4  main.o(.bss.last_dht11_read)
    last_motor_pulse                         0x200001a4   Data           4  main.o(.bss.last_motor_pulse)
    lcd1                                     0x200001a8   Data           8  main.o(.bss.lcd1)
    motor_enabled                            0x200001b0   Data           1  main.o(.bss.motor_enabled)
    motor_initialized                        0x200001b1   Data           1  main.o(.bss.motor_initialized)
    motor_pulse_state                        0x200001b2   Data           1  main.o(.bss.motor_pulse_state)
    motor_start_time                         0x200001b4   Data           4  main.o(.bss.motor_start_time)
    motor_step_count                         0x200001b8   Data           4  main.o(.bss.motor_step_count)
    read_status                              0x200001bc   Data           1  main.o(.bss.read_status)
    uwTick                                   0x200001c0   Data           4  stm32f1xx_hal.o(.bss.uwTick)



==============================================================================

Memory Map of the image

  Image Entry point : 0x080000ed

  Load Region LR_IROM1 (Base: 0x08000000, Size: 0x00003790, Max: 0x00010000, ABSOLUTE)

    Execution Region ER_IROM1 (Exec base: 0x08000000, Load base: 0x08000000, Size: 0x0000376c, Max: 0x00010000, ABSOLUTE)

    Exec Addr    Load Addr    Size         Type   Attr      Idx    E Section Name        Object

    0x08000000   0x08000000   0x000000ec   Data   RO            3    RESET               startup_stm32f103xb.o
    0x080000ec   0x080000ec   0x00000008   Code   RO         1149  * !!!main             c_w.l(__main.o)
    0x080000f4   0x080000f4   0x0000005c   Code   RO         1417    !!!scatter          c_w.l(__scatter.o)
    0x08000150   0x08000150   0x0000001a   Code   RO         1421    !!handler_copy      c_w.l(__scatter_copy.o)
    0x0800016a   0x0800016a   0x00000002   PAD
    0x0800016c   0x0800016c   0x00000002   Code   RO         1418    !!handler_null      c_w.l(__scatter.o)
    0x0800016e   0x0800016e   0x00000002   PAD
    0x08000170   0x08000170   0x0000001c   Code   RO         1423    !!handler_zi        c_w.l(__scatter_zi.o)
    0x0800018c   0x0800018c   0x00000000   Code   RO         1144    .ARM.Collect$$_printf_percent$$00000000  c_w.l(_printf_percent.o)
    0x0800018c   0x0800018c   0x00000006   Code   RO         1143    .ARM.Collect$$_printf_percent$$00000003  c_w.l(_printf_f.o)
    0x08000192   0x08000192   0x00000004   Code   RO         1182    .ARM.Collect$$_printf_percent$$00000017  c_w.l(_printf_percent_end.o)
    0x08000196   0x08000196   0x00000002   Code   RO         1280    .ARM.Collect$$libinit$$00000000  c_w.l(libinit.o)
    0x08000198   0x08000198   0x00000000   Code   RO         1282    .ARM.Collect$$libinit$$00000002  c_w.l(libinit2.o)
    0x08000198   0x08000198   0x00000000   Code   RO         1284    .ARM.Collect$$libinit$$00000004  c_w.l(libinit2.o)
    0x08000198   0x08000198   0x00000000   Code   RO         1286    .ARM.Collect$$libinit$$00000006  c_w.l(libinit2.o)
    0x08000198   0x08000198   0x00000000   Code   RO         1289    .ARM.Collect$$libinit$$0000000C  c_w.l(libinit2.o)
    0x08000198   0x08000198   0x00000000   Code   RO         1291    .ARM.Collect$$libinit$$0000000E  c_w.l(libinit2.o)
    0x08000198   0x08000198   0x00000000   Code   RO         1293    .ARM.Collect$$libinit$$00000010  c_w.l(libinit2.o)
    0x08000198   0x08000198   0x00000006   Code   RO         1294    .ARM.Collect$$libinit$$00000011  c_w.l(libinit2.o)
    0x0800019e   0x0800019e   0x00000000   Code   RO         1296    .ARM.Collect$$libinit$$00000013  c_w.l(libinit2.o)
    0x0800019e   0x0800019e   0x00000000   Code   RO         1298    .ARM.Collect$$libinit$$00000015  c_w.l(libinit2.o)
    0x0800019e   0x0800019e   0x00000000   Code   RO         1300    .ARM.Collect$$libinit$$00000017  c_w.l(libinit2.o)
    0x0800019e   0x0800019e   0x0000000a   Code   RO         1301    .ARM.Collect$$libinit$$00000018  c_w.l(libinit2.o)
    0x080001a8   0x080001a8   0x00000000   Code   RO         1302    .ARM.Collect$$libinit$$00000019  c_w.l(libinit2.o)
    0x080001a8   0x080001a8   0x00000000   Code   RO         1304    .ARM.Collect$$libinit$$0000001B  c_w.l(libinit2.o)
    0x080001a8   0x080001a8   0x00000000   Code   RO         1306    .ARM.Collect$$libinit$$0000001D  c_w.l(libinit2.o)
    0x080001a8   0x080001a8   0x00000000   Code   RO         1308    .ARM.Collect$$libinit$$0000001F  c_w.l(libinit2.o)
    0x080001a8   0x080001a8   0x00000000   Code   RO         1310    .ARM.Collect$$libinit$$00000021  c_w.l(libinit2.o)
    0x080001a8   0x080001a8   0x00000000   Code   RO         1312    .ARM.Collect$$libinit$$00000023  c_w.l(libinit2.o)
    0x080001a8   0x080001a8   0x00000000   Code   RO         1314    .ARM.Collect$$libinit$$00000025  c_w.l(libinit2.o)
    0x080001a8   0x080001a8   0x00000000   Code   RO         1316    .ARM.Collect$$libinit$$00000027  c_w.l(libinit2.o)
    0x080001a8   0x080001a8   0x00000000   Code   RO         1320    .ARM.Collect$$libinit$$0000002E  c_w.l(libinit2.o)
    0x080001a8   0x080001a8   0x00000000   Code   RO         1322    .ARM.Collect$$libinit$$00000030  c_w.l(libinit2.o)
    0x080001a8   0x080001a8   0x00000000   Code   RO         1324    .ARM.Collect$$libinit$$00000032  c_w.l(libinit2.o)
    0x080001a8   0x080001a8   0x00000000   Code   RO         1326    .ARM.Collect$$libinit$$00000034  c_w.l(libinit2.o)
    0x080001a8   0x080001a8   0x00000002   Code   RO         1327    .ARM.Collect$$libinit$$00000035  c_w.l(libinit2.o)
    0x080001aa   0x080001aa   0x00000002   Code   RO         1382    .ARM.Collect$$libshutdown$$00000000  c_w.l(libshutdown.o)
    0x080001ac   0x080001ac   0x00000000   Code   RO         1400    .ARM.Collect$$libshutdown$$00000002  c_w.l(libshutdown2.o)
    0x080001ac   0x080001ac   0x00000000   Code   RO         1402    .ARM.Collect$$libshutdown$$00000004  c_w.l(libshutdown2.o)
    0x080001ac   0x080001ac   0x00000000   Code   RO         1405    .ARM.Collect$$libshutdown$$00000007  c_w.l(libshutdown2.o)
    0x080001ac   0x080001ac   0x00000000   Code   RO         1408    .ARM.Collect$$libshutdown$$0000000A  c_w.l(libshutdown2.o)
    0x080001ac   0x080001ac   0x00000000   Code   RO         1410    .ARM.Collect$$libshutdown$$0000000C  c_w.l(libshutdown2.o)
    0x080001ac   0x080001ac   0x00000000   Code   RO         1413    .ARM.Collect$$libshutdown$$0000000F  c_w.l(libshutdown2.o)
    0x080001ac   0x080001ac   0x00000002   Code   RO         1414    .ARM.Collect$$libshutdown$$00000010  c_w.l(libshutdown2.o)
    0x080001ae   0x080001ae   0x00000000   Code   RO         1169    .ARM.Collect$$rtentry$$00000000  c_w.l(__rtentry.o)
    0x080001ae   0x080001ae   0x00000000   Code   RO         1197    .ARM.Collect$$rtentry$$00000002  c_w.l(__rtentry2.o)
    0x080001ae   0x080001ae   0x00000006   Code   RO         1209    .ARM.Collect$$rtentry$$00000004  c_w.l(__rtentry4.o)
    0x080001b4   0x080001b4   0x00000000   Code   RO         1199    .ARM.Collect$$rtentry$$00000009  c_w.l(__rtentry2.o)
    0x080001b4   0x080001b4   0x00000004   Code   RO         1200    .ARM.Collect$$rtentry$$0000000A  c_w.l(__rtentry2.o)
    0x080001b8   0x080001b8   0x00000000   Code   RO         1202    .ARM.Collect$$rtentry$$0000000C  c_w.l(__rtentry2.o)
    0x080001b8   0x080001b8   0x00000008   Code   RO         1203    .ARM.Collect$$rtentry$$0000000D  c_w.l(__rtentry2.o)
    0x080001c0   0x080001c0   0x00000002   Code   RO         1328    .ARM.Collect$$rtexit$$00000000  c_w.l(rtexit.o)
    0x080001c2   0x080001c2   0x00000000   Code   RO         1347    .ARM.Collect$$rtexit$$00000002  c_w.l(rtexit2.o)
    0x080001c2   0x080001c2   0x00000004   Code   RO         1348    .ARM.Collect$$rtexit$$00000003  c_w.l(rtexit2.o)
    0x080001c6   0x080001c6   0x00000006   Code   RO         1349    .ARM.Collect$$rtexit$$00000004  c_w.l(rtexit2.o)
    0x080001cc   0x080001cc   0x00000040   Code   RO            4    .text               startup_stm32f103xb.o
    0x0800020c   0x0800020c   0x00000028   Code   RO         1119    .text               c_w.l(noretval__2sprintf.o)
    0x08000234   0x08000234   0x0000010e   Code   RO         1131    .text               c_w.l(__printf_wp.o)
    0x08000342   0x08000342   0x0000004e   Code   RO         1145    .text               c_w.l(rt_memclr_w.o)
    0x08000390   0x08000390   0x00000006   Code   RO         1147    .text               c_w.l(heapauxi.o)
    0x08000396   0x08000396   0x0000041c   Code   RO         1174    .text               c_w.l(_printf_fp_dec.o)
    0x080007b2   0x080007b2   0x00000002   PAD
    0x080007b4   0x080007b4   0x00000030   Code   RO         1178    .text               c_w.l(_printf_char_common.o)
    0x080007e4   0x080007e4   0x0000000a   Code   RO         1180    .text               c_w.l(_sputc.o)
    0x080007ee   0x080007ee   0x00000002   PAD
    0x080007f0   0x080007f0   0x00000008   Code   RO         1216    .text               c_w.l(rt_locale_intlibspace.o)
    0x080007f8   0x080007f8   0x0000008a   Code   RO         1218    .text               c_w.l(lludiv10.o)
    0x08000882   0x08000882   0x00000002   PAD
    0x08000884   0x08000884   0x00000080   Code   RO         1220    .text               c_w.l(_printf_fp_infnan.o)
    0x08000904   0x08000904   0x000000e4   Code   RO         1224    .text               c_w.l(bigflt0.o)
    0x080009e8   0x080009e8   0x00000008   Code   RO         1260    .text               c_w.l(libspace.o)
    0x080009f0   0x080009f0   0x0000004a   Code   RO         1263    .text               c_w.l(sys_stackheap_outer.o)
    0x08000a3a   0x08000a3a   0x00000012   Code   RO         1267    .text               c_w.l(exit.o)
    0x08000a4c   0x08000a4c   0x00000080   Code   RO         1273    .text               c_w.l(strcmpv7m.o)
    0x08000acc   0x08000acc   0x0000000c   Code   RO         1342    .text               c_w.l(sys_exit.o)
    0x08000ad8   0x08000ad8   0x00000002   Code   RO         1369    .text               c_w.l(use_no_semi.o)
    0x08000ada   0x08000ada   0x00000000   Code   RO         1371    .text               c_w.l(indicate_semi.o)
    0x08000ada   0x08000ada   0x00000002   PAD
    0x08000adc   0x08000adc   0x00000002   Code   RO           66    .text.BusFault_Handler  stm32f1xx_it.o
    0x08000ade   0x08000ade   0x00000002   PAD
    0x08000ae0   0x08000ae0   0x000000a6   Code   RO           11    .text.Control_Outputs  main.o
    0x08000b86   0x08000b86   0x00000002   PAD
    0x08000b88   0x08000b88   0x00000002   Code   RO           72    .text.DebugMon_Handler  stm32f1xx_it.o
    0x08000b8a   0x08000b8a   0x00000002   PAD
    0x08000b8c   0x08000b8c   0x00000028   Code   RO          275    .text.HAL_Delay     stm32f1xx_hal.o
    0x08000bb4   0x08000bb4   0x00000202   Code   RO          368    .text.HAL_GPIO_Init  stm32f1xx_hal_gpio.o
    0x08000db6   0x08000db6   0x00000002   PAD
    0x08000db8   0x08000db8   0x0000000a   Code   RO          372    .text.HAL_GPIO_ReadPin  stm32f1xx_hal_gpio.o
    0x08000dc2   0x08000dc2   0x00000002   PAD
    0x08000dc4   0x08000dc4   0x0000000a   Code   RO          374    .text.HAL_GPIO_WritePin  stm32f1xx_hal_gpio.o
    0x08000dce   0x08000dce   0x00000002   PAD
    0x08000dd0   0x08000dd0   0x0000000c   Code   RO          267    .text.HAL_GetTick   stm32f1xx_hal.o
    0x08000ddc   0x08000ddc   0x00000170   Code   RO          121    .text.HAL_I2C_Init  stm32f1xx_hal_i2c.o
    0x08000f4c   0x08000f4c   0x00000350   Code   RO          129    .text.HAL_I2C_Master_Transmit  stm32f1xx_hal_i2c.o
    0x0800129c   0x0800129c   0x00000068   Code   RO           87    .text.HAL_I2C_MspInit  stm32f1xx_hal_msp.o
    0x08001304   0x08001304   0x0000001a   Code   RO          265    .text.HAL_IncTick   stm32f1xx_hal.o
    0x0800131e   0x0800131e   0x00000002   PAD
    0x08001320   0x08001320   0x00000026   Code   RO          255    .text.HAL_Init      stm32f1xx_hal.o
    0x08001346   0x08001346   0x00000002   PAD
    0x08001348   0x08001348   0x00000050   Code   RO          257    .text.HAL_InitTick  stm32f1xx_hal.o
    0x08001398   0x08001398   0x00000042   Code   RO           85    .text.HAL_MspInit   stm32f1xx_hal_msp.o
    0x080013da   0x080013da   0x00000002   PAD
    0x080013dc   0x080013dc   0x00000056   Code   RO          426    .text.HAL_NVIC_SetPriority  stm32f1xx_hal_cortex.o
    0x08001432   0x08001432   0x00000002   PAD
    0x08001434   0x08001434   0x00000020   Code   RO          424    .text.HAL_NVIC_SetPriorityGrouping  stm32f1xx_hal_cortex.o
    0x08001454   0x08001454   0x000001b2   Code   RO          320    .text.HAL_RCC_ClockConfig  stm32f1xx_hal_rcc.o
    0x08001606   0x08001606   0x00000002   PAD
    0x08001608   0x08001608   0x00000026   Code   RO          332    .text.HAL_RCC_GetPCLK1Freq  stm32f1xx_hal_rcc.o
    0x0800162e   0x0800162e   0x00000002   PAD
    0x08001630   0x08001630   0x00000338   Code   RO          318    .text.HAL_RCC_OscConfig  stm32f1xx_hal_rcc.o
    0x08001968   0x08001968   0x000000a8   Code   RO          589    .text.HAL_SPI_Init  stm32f1xx_hal_spi.o
    0x08001a10   0x08001a10   0x0000006a   Code   RO           91    .text.HAL_SPI_MspInit  stm32f1xx_hal_msp.o
    0x08001a7a   0x08001a7a   0x00000002   PAD
    0x08001a7c   0x08001a7c   0x0000002c   Code   RO          436    .text.HAL_SYSTICK_Config  stm32f1xx_hal_cortex.o
    0x08001aa8   0x08001aa8   0x0000007a   Code   RO          998    .text.HAL_TIMEx_MasterConfigSynchronization  stm32f1xx_hal_tim_ex.o
    0x08001b22   0x08001b22   0x00000002   PAD
    0x08001b24   0x08001b24   0x000000e6   Code   RO          703    .text.HAL_TIM_Base_Init  stm32f1xx_hal_tim.o
    0x08001c0a   0x08001c0a   0x00000002   PAD
    0x08001c0c   0x08001c0c   0x0000002a   Code   RO           95    .text.HAL_TIM_Base_MspInit  stm32f1xx_hal_msp.o
    0x08001c36   0x08001c36   0x00000002   PAD
    0x08001c38   0x08001c38   0x0000005e   Code   RO          713    .text.HAL_TIM_Base_Start  stm32f1xx_hal_tim.o
    0x08001c96   0x08001c96   0x00000002   PAD
    0x08001c98   0x08001c98   0x0000002a   Code   RO          715    .text.HAL_TIM_Base_Stop  stm32f1xx_hal_tim.o
    0x08001cc2   0x08001cc2   0x00000002   PAD
    0x08001cc4   0x08001cc4   0x000001a0   Code   RO          883    .text.HAL_TIM_ConfigClockSource  stm32f1xx_hal_tim.o
    0x08001e64   0x08001e64   0x000001d2   Code   RO           21    .text.Handle_Buttons  main.o
    0x08002036   0x08002036   0x00000002   PAD
    0x08002038   0x08002038   0x0000010e   Code   RO           15    .text.Handle_Motor  main.o
    0x08002146   0x08002146   0x00000002   PAD
    0x08002148   0x08002148   0x00000002   Code   RO           62    .text.HardFault_Handler  stm32f1xx_it.o
    0x0800214a   0x0800214a   0x00000002   PAD
    0x0800214c   0x0800214c   0x00000002   Code   RO           64    .text.MemManage_Handler  stm32f1xx_it.o
    0x0800214e   0x0800214e   0x00000002   PAD
    0x08002150   0x08002150   0x00000002   Code   RO           60    .text.NMI_Handler   stm32f1xx_it.o
    0x08002152   0x08002152   0x00000002   PAD
    0x08002154   0x08002154   0x00000002   Code   RO           74    .text.PendSV_Handler  stm32f1xx_it.o
    0x08002156   0x08002156   0x00000002   PAD
    0x08002158   0x08002158   0x00000002   Code   RO           70    .text.SVC_Handler   stm32f1xx_it.o
    0x0800215a   0x0800215a   0x00000002   PAD
    0x0800215c   0x0800215c   0x00000004   Code   RO           76    .text.SysTick_Handler  stm32f1xx_it.o
    0x08002160   0x08002160   0x00000002   Code   RO         1022    .text.SystemInit    system_stm32f1xx.o
    0x08002162   0x08002162   0x00000002   PAD
    0x08002164   0x08002164   0x00000204   Code   RO           23    .text.Update_LCD_Display  main.o
    0x08002368   0x08002368   0x00000002   Code   RO           68    .text.UsageFault_Handler  stm32f1xx_it.o
    0x0800236a   0x0800236a   0x00000002   PAD
    0x0800236c   0x0800236c   0x00000008   Code   RO         1059    .text.init_dht11    mk_dht11.o
    0x08002374   0x08002374   0x00000050   Code   RO         1041    .text.lcd_clear     i2c_lcd.o
    0x080023c4   0x080023c4   0x00000066   Code   RO         1043    .text.lcd_gotoxy    i2c_lcd.o
    0x0800242a   0x0800242a   0x00000002   PAD
    0x0800242c   0x0800242c   0x0000010a   Code   RO         1045    .text.lcd_init      i2c_lcd.o
    0x08002536   0x08002536   0x00000002   PAD
    0x08002538   0x08002538   0x00000056   Code   RO         1047    .text.lcd_puts      i2c_lcd.o
    0x0800258e   0x0800258e   0x00000002   PAD
    0x08002590   0x08002590   0x000002f8   Code   RO           17    .text.main          main.o
    0x08002888   0x08002888   0x00000176   Code   RO         1063    .text.readDHT11     mk_dht11.o
    0x080029fe   0x080029fe   0x0000003e   Code   RO         1227    CL$$btod_d2e        c_w.l(btod.o)
    0x08002a3c   0x08002a3c   0x00000046   Code   RO         1229    CL$$btod_d2e_denorm_low  c_w.l(btod.o)
    0x08002a82   0x08002a82   0x00000060   Code   RO         1228    CL$$btod_d2e_norm_op1  c_w.l(btod.o)
    0x08002ae2   0x08002ae2   0x00000002   PAD
    0x08002ae4   0x08002ae4   0x00000338   Code   RO         1237    CL$$btod_div_common  c_w.l(btod.o)
    0x08002e1c   0x08002e1c   0x000000dc   Code   RO         1234    CL$$btod_e2e        c_w.l(btod.o)
    0x08002ef8   0x08002ef8   0x0000002a   Code   RO         1231    CL$$btod_ediv       c_w.l(btod.o)
    0x08002f22   0x08002f22   0x0000002a   Code   RO         1230    CL$$btod_emul       c_w.l(btod.o)
    0x08002f4c   0x08002f4c   0x00000244   Code   RO         1236    CL$$btod_mult_common  c_w.l(btod.o)
    0x08003190   0x08003190   0x00000028   Code   RO         1258    i.__ARM_fpclassify  m_ws.l(fpclassify.o)
    0x080031b8   0x080031b8   0x0000000e   Code   RO         1133    i._is_digit         c_w.l(__printf_wp.o)
    0x080031c6   0x080031c6   0x00000002   PAD
    0x080031c8   0x080031c8   0x0000002c   Code   RO         1252    locale$$code        c_w.l(lc_numeric_c.o)
    0x080031f4   0x080031f4   0x0000000c   Code   RO         1183    x$fpl$dretinf       fz_ws.l(dretinf.o)
    0x08003200   0x08003200   0x00000056   Code   RO         1151    x$fpl$f2d           fz_ws.l(f2d.o)
    0x08003256   0x08003256   0x00000002   PAD
    0x08003258   0x08003258   0x000000c4   Code   RO         1153    x$fpl$fadd          fz_ws.l(faddsub_clz.o)
    0x0800331c   0x0800331c   0x00000054   Code   RO         1159    x$fpl$fcmp          fz_ws.l(fcmp.o)
    0x08003370   0x08003370   0x00000018   Code   RO         1254    x$fpl$fcmpinf       fz_ws.l(fcmpi.o)
    0x08003388   0x08003388   0x00000068   Code   RO         1185    x$fpl$feqf          fz_ws.l(feqf.o)
    0x080033f0   0x080033f0   0x00000026   Code   RO         1161    x$fpl$ffltu         fz_ws.l(fflt_clz.o)
    0x08003416   0x08003416   0x00000002   PAD
    0x08003418   0x08003418   0x00000068   Code   RO         1187    x$fpl$fgeqf         fz_ws.l(fgeqf.o)
    0x08003480   0x08003480   0x00000068   Code   RO         1189    x$fpl$fleqf         fz_ws.l(fleqf.o)
    0x080034e8   0x080034e8   0x0000008c   Code   RO         1191    x$fpl$fnaninf       fz_ws.l(fnaninf.o)
    0x08003574   0x08003574   0x0000000a   Code   RO         1193    x$fpl$fretinf       fz_ws.l(fretinf.o)
    0x0800357e   0x0800357e   0x00000002   PAD
    0x08003580   0x08003580   0x000000ea   Code   RO         1155    x$fpl$fsub          fz_ws.l(faddsub_clz.o)
    0x0800366a   0x0800366a   0x00000004   Code   RO         1167    x$fpl$printf1       fz_ws.l(printf1.o)
    0x0800366e   0x0800366e   0x00000000   Code   RO         1195    x$fpl$usenofp       fz_ws.l(usenofp.o)
    0x0800366e   0x0800366e   0x00000002   PAD
    0x08003670   0x08003670   0x00000094   Data   RO         1225    .constdata          c_w.l(bigflt0.o)
    0x08003704   0x08003704   0x00000010   Data   RO         1027    .rodata.AHBPrescTable  system_stm32f1xx.o
    0x08003714   0x08003714   0x00000008   Data   RO         1028    .rodata.APBPrescTable  system_stm32f1xx.o
    0x0800371c   0x0800371c   0x00000002   Data   RO          345    .rodata.HAL_RCC_GetSysClockFreq.aPredivFactorTable  stm32f1xx_hal_rcc.o
    0x0800371e   0x0800371e   0x00000010   Data   RO          344    .rodata.cst16       stm32f1xx_hal_rcc.o
    0x0800372e   0x0800372e   0x00000002   PAD
    0x08003730   0x08003730   0x00000020   Data   RO         1416    Region$$Table       anon$$obj.o
    0x08003750   0x08003750   0x0000001c   Data   RO         1251    locale$$data        c_w.l(lc_numeric_c.o)


    Execution Region RW_IRAM1 (Exec base: 0x20000000, Load base: 0x08003770, Size: 0x000007c8, Max: 0x00005000, ABSOLUTE)

    Exec Addr    Load Addr    Size         Type   Attr      Idx    E Section Name        Object

    0x20000000   0x08003770   0x00000004   Data   RW         1026    .data.SystemCoreClock  system_stm32f1xx.o
    0x20000004   0x08003774   0x00000004   Data   RW           39    .data.measured_hum  main.o
    0x20000008   0x08003778   0x00000004   Data   RW           38    .data.measured_temp  main.o
    0x2000000c   0x0800377c   0x00000004   Data   RW           37    .data.set_hum       main.o
    0x20000010   0x08003780   0x00000004   Data   RW           36    .data.set_temp      main.o
    0x20000014   0x08003784   0x00000001   Data   RW          306    .data.uwTickFreq    stm32f1xx_hal.o
    0x20000015   0x08003785   0x00000003   PAD
    0x20000018   0x08003788   0x00000004   Data   RW          305    .data.uwTickPrio    stm32f1xx_hal.o
    0x2000001c   0x0800378c   0x00000004   PAD
    0x20000020        -       0x00000060   Zero   RW         1261    .bss                c_w.l(libspace.o)
    0x20000080        -       0x00000011   Zero   RW           49    .bss.buffer         main.o
    0x20000091   0x0800378c   0x00000003   PAD
    0x20000094        -       0x00000004   Zero   RW           35    .bss.current_screen  main.o
    0x20000098        -       0x00000010   Zero   RW           45    .bss.dht11_sensor   main.o
    0x200000a8        -       0x00000054   Zero   RW           46    .bss.hi2c1          main.o
    0x200000fc        -       0x00000058   Zero   RW           50    .bss.hspi1          main.o
    0x20000154        -       0x00000048   Zero   RW           48    .bss.htim2          main.o
    0x2000019c        -       0x00000004   Zero   RW           43    .bss.last_button_time  main.o
    0x200001a0        -       0x00000004   Zero   RW           41    .bss.last_dht11_read  main.o
    0x200001a4        -       0x00000004   Zero   RW           31    .bss.last_motor_pulse  main.o
    0x200001a8        -       0x00000008   Zero   RW           47    .bss.lcd1           main.o
    0x200001b0        -       0x00000001   Zero   RW           29    .bss.motor_enabled  main.o
    0x200001b1        -       0x00000001   Zero   RW           34    .bss.motor_initialized  main.o
    0x200001b2        -       0x00000001   Zero   RW           32    .bss.motor_pulse_state  main.o
    0x200001b3   0x0800378c   0x00000001   PAD
    0x200001b4        -       0x00000004   Zero   RW           30    .bss.motor_start_time  main.o
    0x200001b8        -       0x00000004   Zero   RW           33    .bss.motor_step_count  main.o
    0x200001bc        -       0x00000001   Zero   RW           40    .bss.read_status    main.o
    0x200001bd   0x0800378c   0x00000003   PAD
    0x200001c0        -       0x00000004   Zero   RW          307    .bss.uwTick         stm32f1xx_hal.o
    0x200001c4   0x0800378c   0x00000004   PAD
    0x200001c8        -       0x00000200   Zero   RW            2    HEAP                startup_stm32f103xb.o
    0x200003c8        -       0x00000400   Zero   RW            1    STACK               startup_stm32f103xb.o


==============================================================================

Image component sizes


      Code (inc. data)   RO Data    RW Data    ZI Data      Debug   Object Name

       534          4          0          0          0       8000   i2c_lcd.o
      2178        164          0         16        313      12533   main.o
       382          0          0          0          0       6292   mk_dht11.o
        64         26        236          0       1536        816   startup_stm32f103xb.o
       196          0          0          5          4       5777   stm32f1xx_hal.o
       162          0          0          0          0       8436   stm32f1xx_hal_cortex.o
       534         20          0          0          0       4754   stm32f1xx_hal_gpio.o
      1216          0          0          0          0      47823   stm32f1xx_hal_i2c.o
       318          0          0          0          0       8052   stm32f1xx_hal_msp.o
      1296          0         18          0          0       7719   stm32f1xx_hal_rcc.o
       168          0          0          0          0      21820   stm32f1xx_hal_spi.o
       782          0          0          0          0      57818   stm32f1xx_hal_tim.o
       122          0          0          0          0      21631   stm32f1xx_hal_tim_ex.o
        20          0          0          0          0       1175   stm32f1xx_it.o
         2          0         24          4          0       1602   system_stm32f1xx.o

    ----------------------------------------------------------------------
      8034        214        312         28       1868     214248   Object Totals
         0          0         32          0          0          0   (incl. Generated)
        60          0          2          3         15          0   (incl. Padding)

    ----------------------------------------------------------------------

      Code (inc. data)   RO Data    RW Data    ZI Data      Debug   Library Member Name

         8          0          0          0          0         68   __main.o
       284          0          0          0          0        156   __printf_wp.o
         0          0          0          0          0          0   __rtentry.o
        12          0          0          0          0          0   __rtentry2.o
         6          0          0          0          0          0   __rtentry4.o
        94          8          0          0          0          0   __scatter.o
        26          0          0          0          0          0   __scatter_copy.o
        28          0          0          0          0          0   __scatter_zi.o
        48          6          0          0          0         96   _printf_char_common.o
         6          0          0          0          0          0   _printf_f.o
      1052          0          0          0          0        148   _printf_fp_dec.o
       128         16          0          0          0         84   _printf_fp_infnan.o
         0          0          0          0          0          0   _printf_percent.o
         4          0          0          0          0          0   _printf_percent_end.o
        10          0          0          0          0         68   _sputc.o
       228          4        148          0          0         96   bigflt0.o
      1936        128          0          0          0        668   btod.o
        18          0          0          0          0         80   exit.o
         6          0          0          0          0        152   heapauxi.o
         0          0          0          0          0          0   indicate_semi.o
        44         10         28          0          0         76   lc_numeric_c.o
         2          0          0          0          0          0   libinit.o
        18          0          0          0          0          0   libinit2.o
         2          0          0          0          0          0   libshutdown.o
         2          0          0          0          0          0   libshutdown2.o
         8          4          0          0         96         68   libspace.o
       138          0          0          0          0         80   lludiv10.o
        40          6          0          0          0         84   noretval__2sprintf.o
         8          4          0          0          0         68   rt_locale_intlibspace.o
        78          0          0          0          0         80   rt_memclr_w.o
         2          0          0          0          0          0   rtexit.o
        10          0          0          0          0          0   rtexit2.o
       128          0          0          0          0         68   strcmpv7m.o
        12          4          0          0          0         68   sys_exit.o
        74          0          0          0          0         80   sys_stackheap_outer.o
         2          0          0          0          0         68   use_no_semi.o
        12          0          0          0          0         68   dretinf.o
        86          4          0          0          0         84   f2d.o
       430          8          0          0          0        168   faddsub_clz.o
        84          0          0          0          0        196   fcmp.o
        24          0          0          0          0         68   fcmpi.o
       104          4          0          0          0         84   feqf.o
        38          0          0          0          0         68   fflt_clz.o
       104          4          0          0          0         84   fgeqf.o
       104          4          0          0          0         84   fleqf.o
       140          4          0          0          0         84   fnaninf.o
        10          0          0          0          0         68   fretinf.o
         4          0          0          0          0         68   printf1.o
         0          0          0          0          0          0   usenofp.o
        40          0          0          0          0         68   fpclassify.o

    ----------------------------------------------------------------------
      5666        218        176          0         96       3548   Library Totals
        24          0          0          0          0          0   (incl. Padding)

    ----------------------------------------------------------------------

      Code (inc. data)   RO Data    RW Data    ZI Data      Debug   Library Name

      4462        190        176          0         96       2356   c_w.l
      1140         28          0          0          0       1124   fz_ws.l
        40          0          0          0          0         68   m_ws.l

    ----------------------------------------------------------------------
      5666        218        176          0         96       3548   Library Totals

    ----------------------------------------------------------------------

==============================================================================


      Code (inc. data)   RO Data    RW Data    ZI Data      Debug   

     13700        432        488         28       1964     215676   Grand Totals
     13700        432        488         28       1964     215676   ELF Image Totals
     13700        432        488         28          0          0   ROM Totals

==============================================================================

    Total RO  Size (Code + RO Data)                14188 (  13.86kB)
    Total RW  Size (RW Data + ZI Data)              1992 (   1.95kB)
    Total ROM Size (Code + RO Data + RW Data)      14216 (  13.88kB)

==============================================================================

